test_authenticated_creation_still_waits_for_unpublished_tail_across_restart (tests.test_solana_rolling_prewarm.RollingPrewarmTests.test_authenticated_creation_still_waits_for_unpublished_tail_across_restart) ... ok
test_authoritative_checkpoint_does_not_seal_missing_deltas_and_survives_restart (tests.test_solana_rolling_prewarm.RollingPrewarmTests.test_authoritative_checkpoint_does_not_seal_missing_deltas_and_survives_restart) ... ok
test_body_free_shared_reservoir_and_creation_boundary_are_complete_at_promotion (tests.test_solana_rolling_prewarm.RollingPrewarmTests.test_body_free_shared_reservoir_and_creation_boundary_are_complete_at_promotion) ... ok
test_first_native_membership_waits_without_coverage_and_keeps_deadline (tests.test_solana_rolling_prewarm.RollingPrewarmTests.test_first_native_membership_waits_without_coverage_and_keeps_deadline) ... ok
test_first_sight_meteora_installs_history_before_promotion_without_rpc_or_entry (tests.test_solana_rolling_prewarm.RollingPrewarmTests.test_first_sight_meteora_installs_history_before_promotion_without_rpc_or_entry) ... ok
test_global_raw_retirement_cannot_delete_normalized_reservoir_or_candidate_view (tests.test_solana_rolling_prewarm.RollingPrewarmTests.test_global_raw_retirement_cannot_delete_normalized_reservoir_or_candidate_view) ... ok
test_group_readiness_publication_closes_read_cursor_before_concurrent_write (tests.test_solana_rolling_prewarm.RollingPrewarmTests.test_group_readiness_publication_closes_read_cursor_before_concurrent_write) ... ok
test_independent_overlap_really_repairs_candidate_gap_without_global_inference (tests.test_solana_rolling_prewarm.RollingPrewarmTests.test_independent_overlap_really_repairs_candidate_gap_without_global_inference) ... ok
test_meteora_normalized_packet_is_shared_once_across_candidate_and_cold_views (tests.test_solana_rolling_prewarm.RollingPrewarmTests.test_meteora_normalized_packet_is_shared_once_across_candidate_and_cold_views) ... ok
test_model_a_migration_preserves_hash_and_original_availability (tests.test_solana_rolling_prewarm.RollingPrewarmTests.test_model_a_migration_preserves_hash_and_original_availability) ... ok
test_new_program_history_starts_at_delivered_frontier_without_archive_census (tests.test_solana_rolling_prewarm.RollingPrewarmTests.test_new_program_history_starts_at_delivered_frontier_without_archive_census) ... ok
test_non_wsol_bin_locator_has_no_rich_prewarm_interest (tests.test_solana_rolling_prewarm.RollingPrewarmTests.test_non_wsol_bin_locator_has_no_rich_prewarm_interest) ... ok
test_normalized_history_remains_readable_after_hot_retirement (tests.test_solana_rolling_prewarm.RollingPrewarmTests.test_normalized_history_remains_readable_after_hot_retirement) ... ok
test_only_small_missing_gap_is_requested_and_original_deadline_survives_restart (tests.test_solana_rolling_prewarm.RollingPrewarmTests.test_only_small_missing_gap_is_requested_and_original_deadline_survives_restart) ... ok
test_open_upper_boundary_and_unresolved_gap_never_fabricate_completeness (tests.test_solana_rolling_prewarm.RollingPrewarmTests.test_open_upper_boundary_and_unresolved_gap_never_fabricate_completeness) ... ok
test_owner_queue_rejection_retries_the_same_frame_without_silent_loss (tests.test_solana_rolling_prewarm.RollingPrewarmTests.test_owner_queue_rejection_retries_the_same_frame_without_silent_loss) ... ok
test_pinned_position_history_cannot_retire_under_storage_pressure (tests.test_solana_rolling_prewarm.RollingPrewarmTests.test_pinned_position_history_cannot_retire_under_storage_pressure) ... ok
test_proven_closed_gap_is_repaired_while_live_tail_waits (tests.test_solana_rolling_prewarm.RollingPrewarmTests.test_proven_closed_gap_is_repaired_while_live_tail_waits) ... ok
test_quiet_group_shares_proof_but_cannot_cover_a_nonmember_or_earlier_time (tests.test_solana_rolling_prewarm.RollingPrewarmTests.test_quiet_group_shares_proof_but_cannot_cover_a_nonmember_or_earlier_time) ... ok
test_quiet_views_do_not_scan_whole_program_during_retirement (tests.test_solana_rolling_prewarm.RollingPrewarmTests.test_quiet_views_do_not_scan_whole_program_during_retirement) ... ok
test_scout_before_creation_publication_waits_durably_instead_of_cold_backfill (tests.test_solana_rolling_prewarm.RollingPrewarmTests.test_scout_before_creation_publication_waits_durably_instead_of_cold_backfill) ... ok
test_seal_makes_both_independent_jobs_runnable_without_resetting_deadline (tests.test_solana_rolling_prewarm.RollingPrewarmTests.test_seal_makes_both_independent_jobs_runnable_without_resetting_deadline) ... ok
test_two_worker_limit_and_provider_filter_limit_are_unchanged_in_authority (tests.test_solana_rolling_prewarm.RollingPrewarmTests.test_two_worker_limit_and_provider_filter_limit_are_unchanged_in_authority) ... ok
test_ack_precedes_replay_fence_and_rebuild_overlap_is_idempotent (tests.test_solana_closure.WebSocketHandoffTests.test_ack_precedes_replay_fence_and_rebuild_overlap_is_idempotent) ... ok
test_partial_history_never_advances_checkpoint_or_marks_a_window_complete (tests.test_solana_closure.ClosureTests.test_partial_history_never_advances_checkpoint_or_marks_a_window_complete) ... ok
test_unchanged_request_writes_nothing_and_never_renews_deadline (tests.test_provider_efficiency.RequestIdempotenceTests.test_unchanged_request_writes_nothing_and_never_renews_deadline) ... ok
test_archive_conflict_fails_closed_and_hot_eviction_preserves_body (tests.lanes.pump.test_solana_immutable_efficiency.SolanaEfficiencyTests.test_archive_conflict_fails_closed_and_hot_eviction_preserves_body) ... ok
test_cached_body_between_queue_and_claim_cannot_resurrect_provider_job (tests.lanes.pump.test_solana_immutable_efficiency.SolanaEfficiencyTests.test_cached_body_between_queue_and_claim_cannot_resurrect_provider_job) ... ok
test_concurrent_consumers_share_one_inflight_fetch (tests.lanes.pump.test_solana_immutable_efficiency.SolanaEfficiencyTests.test_concurrent_consumers_share_one_inflight_fetch) ... ok
test_confirmed_transaction_does_not_populate_finalized_cache (tests.lanes.pump.test_solana_immutable_efficiency.SolanaEfficiencyTests.test_confirmed_transaction_does_not_populate_finalized_cache) ... ok
test_dynamic_accounts_are_not_shared_across_rotations (tests.lanes.pump.test_solana_immutable_efficiency.SolanaEfficiencyTests.test_dynamic_accounts_are_not_shared_across_rotations) ... ok
test_endpoint_change_cannot_reuse_transaction_authority (tests.lanes.pump.test_solana_immutable_efficiency.SolanaEfficiencyTests.test_endpoint_change_cannot_reuse_transaction_authority) ... ok
test_expired_before_enqueue_is_separate_and_never_transports (tests.lanes.pump.test_solana_immutable_efficiency.SolanaEfficiencyTests.test_expired_before_enqueue_is_separate_and_never_transports) ... ok
test_genesis_proof_survives_rotation_but_not_endpoint_change (tests.lanes.pump.test_solana_immutable_efficiency.SolanaEfficiencyTests.test_genesis_proof_survives_rotation_but_not_endpoint_change) ... ok
test_late_body_is_archived_but_does_not_complete_expired_consumer (tests.lanes.pump.test_solana_immutable_efficiency.SolanaEfficiencyTests.test_late_body_is_archived_but_does_not_complete_expired_consumer) ... ok
test_local_governor_expiry_is_not_recorded_as_provider_failure (tests.lanes.pump.test_solana_immutable_efficiency.SolanaEfficiencyTests.test_local_governor_expiry_is_not_recorded_as_provider_failure) ... ok
test_no_consumer_count_inflation_for_cached_provider_job (tests.lanes.pump.test_solana_immutable_efficiency.SolanaEfficiencyTests.test_no_consumer_count_inflation_for_cached_provider_job) ... ok
test_null_or_error_network_proof_is_not_cached (tests.lanes.pump.test_solana_immutable_efficiency.SolanaEfficiencyTests.test_null_or_error_network_proof_is_not_cached) ... ok
test_pump_meteora_and_rotated_candidates_fetch_one_body (tests.lanes.pump.test_solana_immutable_efficiency.SolanaEfficiencyTests.test_pump_meteora_and_rotated_candidates_fetch_one_body) ... ok
test_recovered_internal_429_still_updates_shared_batch_pressure (tests.lanes.pump.test_solana_immutable_efficiency.SolanaEfficiencyTests.test_recovered_internal_429_still_updates_shared_batch_pressure) ... ok
test_shared_block_time_requires_finality_proof (tests.lanes.pump.test_solana_immutable_efficiency.SolanaEfficiencyTests.test_shared_block_time_requires_finality_proof) ... ok
test_speculative_budget_never_deletes_stream_evidence (tests.lanes.pump.test_solana_immutable_efficiency.SolanaEfficiencyTests.test_speculative_budget_never_deletes_stream_evidence) ... ok
test_stream_hint_archive_survives_hot_window_eviction_without_authority (tests.lanes.pump.test_solana_immutable_efficiency.SolanaEfficiencyTests.test_stream_hint_archive_survives_hot_window_eviction_without_authority) ... ok
test_unserviceable_reservation_releases_unique_job_lease (tests.lanes.pump.test_solana_immutable_efficiency.SolanaEfficiencyTests.test_unserviceable_reservation_releases_unique_job_lease) ... ok
test_batch_deduplicates_and_expired_miss_does_not_transport (tests.lanes.pons.test_immutable_rpc.ImmutableRpcTest.test_batch_deduplicates_and_expired_miss_does_not_transport) ... ok
test_block_receipts_rule_throughput_and_size_guard (tests.lanes.pons.test_immutable_rpc.ImmutableRpcTest.test_block_receipts_rule_throughput_and_size_guard) ... ok
test_concurrent_same_identity_executes_once (tests.lanes.pons.test_immutable_rpc.ImmutableRpcTest.test_concurrent_same_identity_executes_once) ... ok
test_endpoint_domain_and_conflict_fail_closed (tests.lanes.pons.test_immutable_rpc.ImmutableRpcTest.test_endpoint_domain_and_conflict_fail_closed) ... ok
test_exact_log_filter_and_immutable_bounds (tests.lanes.pons.test_immutable_rpc.ImmutableRpcTest.test_exact_log_filter_and_immutable_bounds) ... ok
test_gas_quote_same_epoch_after_original_observation_only (tests.lanes.pons.test_immutable_rpc.ImmutableRpcTest.test_gas_quote_same_epoch_after_original_observation_only) ... ok
test_hash_pinned_call_and_code_across_candidates (tests.lanes.pons.test_immutable_rpc.ImmutableRpcTest.test_hash_pinned_call_and_code_across_candidates) ... ok
test_header_number_and_hash_share_identity (tests.lanes.pons.test_immutable_rpc.ImmutableRpcTest.test_header_number_and_hash_share_identity) ... ok
test_header_reorg_cannot_poison_pinned_alias (tests.lanes.pons.test_immutable_rpc.ImmutableRpcTest.test_header_reorg_cannot_poison_pinned_alias) ... ok
test_log_reorg_and_numeric_range_not_cached (tests.lanes.pons.test_immutable_rpc.ImmutableRpcTest.test_log_reorg_and_numeric_range_not_cached) ... ok
test_numeric_pin_must_be_used_on_wire_not_only_cache_key (tests.lanes.pons.test_immutable_rpc.ImmutableRpcTest.test_numeric_pin_must_be_used_on_wire_not_only_cache_key) ... ok
test_overrides_and_other_block_are_distinct (tests.lanes.pons.test_immutable_rpc.ImmutableRpcTest.test_overrides_and_other_block_are_distinct) ... ok
test_raw_reuse_history_is_append_only (tests.lanes.pons.test_immutable_rpc.ImmutableRpcTest.test_raw_reuse_history_is_append_only) ... ok
test_receipt_requires_expected_block (tests.lanes.pons.test_immutable_rpc.ImmutableRpcTest.test_receipt_requires_expected_block) ... ok
test_session_chain_verified_once_not_across_new_session (tests.lanes.pons.test_immutable_rpc.ImmutableRpcTest.test_session_chain_verified_once_not_across_new_session) ... ok
test_waiter_keeps_own_deadline (tests.lanes.pons.test_immutable_rpc.ImmutableRpcTest.test_waiter_keeps_own_deadline) ... ok
test_exited_current_allows_survivor_but_observation_survives_active_fence (tests.test_current_survivor_independence.CurrentSurvivorIndependenceTests.test_exited_current_allows_survivor_but_observation_survives_active_fence) ... ok
test_rejection_reason_cannot_suppress_later_survivor_across_restart (tests.test_current_survivor_independence.CurrentSurvivorIndependenceTests.test_rejection_reason_cannot_suppress_later_survivor_across_restart) ... ok
test_historical_witness_receipt_sender_matches_transaction_body_fallback (tests.test_robinhood_payg.EvidenceCase.test_historical_witness_receipt_sender_matches_transaction_body_fallback) ... ok

----------------------------------------------------------------------
Ran 63 tests in 4.934s

OK
