test_lane_and_worker_reuse_existing_pump_broker_without_state_migration (tests.test_final_acquisition.OperationalWiringTests.test_lane_and_worker_reuse_existing_pump_broker_without_state_migration) ... ok
test_authenticated_aliases_share_work_but_unrelated_pools_keep_priority (tests.test_final_acquisition.DispatchTests.test_authenticated_aliases_share_work_but_unrelated_pools_keep_priority) ... ok
test_partial_overlap_shares_flight_then_buys_only_the_missing_tail (tests.test_final_acquisition.DispatchTests.test_partial_overlap_shares_flight_then_buys_only_the_missing_tail) ... ok
test_partial_paid_page_retains_its_cursor_and_original_bounds (tests.test_final_acquisition.DispatchTests.test_partial_paid_page_retains_its_cursor_and_original_bounds) ... ok
test_pending_publication_waits_without_fabricating_coverage (tests.test_final_acquisition.DispatchTests.test_pending_publication_waits_without_fabricating_coverage) ... ok
test_publication_wait_does_not_renew_or_bypass_expired_deadline (tests.test_final_acquisition.DispatchTests.test_publication_wait_does_not_renew_or_bypass_expired_deadline) ... ok
test_restart_retains_missing_children_and_original_deadline (tests.test_final_acquisition.DispatchTests.test_restart_retains_missing_children_and_original_deadline) ... ok
test_rolling_publication_after_enqueue_eliminates_the_entire_request (tests.test_final_acquisition.DispatchTests.test_rolling_publication_after_enqueue_eliminates_the_entire_request) ... ok
test_unsealed_gap_is_repaired_and_other_candidates_are_never_excluded (tests.test_final_acquisition.DispatchTests.test_unsealed_gap_is_repaired_and_other_candidates_are_never_excluded) ... ok
test_batch_and_single_consumer_share_one_live_lease (tests.test_final_acquisition.ImmutableBatchTests.test_batch_and_single_consumer_share_one_live_lease) ... ok
test_batch_keeps_unfinalized_reads_fresh_and_nulls_uncached (tests.test_final_acquisition.ImmutableBatchTests.test_batch_keeps_unfinalized_reads_fresh_and_nulls_uncached) ... ok
test_live_expired_lease_is_not_stolen_and_dead_owner_is_recovered (tests.test_final_acquisition.ImmutableBatchTests.test_live_expired_lease_is_not_stolen_and_dead_owner_is_recovered) ... ok
test_one_client_concurrent_batch_guard_does_not_bypass_shared_single_read (tests.test_final_acquisition.ImmutableBatchTests.test_one_client_concurrent_batch_guard_does_not_bypass_shared_single_read) ... ok
test_rpc_batch_does_not_reenter_its_own_lease_or_reuse_fresh_accounts (tests.test_final_acquisition.ImmutableBatchTests.test_rpc_batch_does_not_reenter_its_own_lease_or_reuse_fresh_accounts) ... ok
test_saved_batch_workload_uses_one_read_per_unique_finalized_time (tests.test_final_acquisition.ImmutableBatchTests.test_saved_batch_workload_uses_one_read_per_unique_finalized_time) ... ok
test_source_reuses_lane_genesis_with_zero_additional_delivery_or_cu (tests.test_final_acquisition.ImmutableBatchTests.test_source_reuses_lane_genesis_with_zero_additional_delivery_or_cu) ... ok
test_pinned_fallback_sender_shared_across_current_and_survivor (tests.test_final_acquisition.PonsSenderTests.test_pinned_fallback_sender_shared_across_current_and_survivor) ... ok
test_concurrent_finalized_repair_buys_once_and_counts_only_physical_delivery (tests.test_final_acquisition.SourceFlightTests.test_concurrent_finalized_repair_buys_once_and_counts_only_physical_delivery) ... ok
test_published_program_prefix_is_not_purchased_again_on_position_rebuild (tests.test_final_acquisition.RecoveryReplayTests.test_published_program_prefix_is_not_purchased_again_on_position_rebuild) ... ok
test_archive_conflict_fails_closed_and_hot_eviction_preserves_body (tests.lanes.pump.test_solana_immutable_efficiency.SolanaEfficiencyTests.test_archive_conflict_fails_closed_and_hot_eviction_preserves_body) ... ok
test_cached_body_between_queue_and_claim_cannot_resurrect_provider_job (tests.lanes.pump.test_solana_immutable_efficiency.SolanaEfficiencyTests.test_cached_body_between_queue_and_claim_cannot_resurrect_provider_job) ... ok
test_concurrent_consumers_share_one_inflight_fetch (tests.lanes.pump.test_solana_immutable_efficiency.SolanaEfficiencyTests.test_concurrent_consumers_share_one_inflight_fetch) ... ok
test_confirmed_transaction_does_not_populate_finalized_cache (tests.lanes.pump.test_solana_immutable_efficiency.SolanaEfficiencyTests.test_confirmed_transaction_does_not_populate_finalized_cache) ... ok
test_dynamic_accounts_are_not_shared_across_rotations (tests.lanes.pump.test_solana_immutable_efficiency.SolanaEfficiencyTests.test_dynamic_accounts_are_not_shared_across_rotations) ... ok
test_endpoint_change_cannot_reuse_transaction_authority (tests.lanes.pump.test_solana_immutable_efficiency.SolanaEfficiencyTests.test_endpoint_change_cannot_reuse_transaction_authority) ... ok
test_expired_before_enqueue_is_separate_and_never_transports (tests.lanes.pump.test_solana_immutable_efficiency.SolanaEfficiencyTests.test_expired_before_enqueue_is_separate_and_never_transports) ... ok
test_genesis_proof_survives_rotation_but_not_endpoint_change (tests.lanes.pump.test_solana_immutable_efficiency.SolanaEfficiencyTests.test_genesis_proof_survives_rotation_but_not_endpoint_change) ... ok
test_late_body_is_archived_but_does_not_complete_expired_consumer (tests.lanes.pump.test_solana_immutable_efficiency.SolanaEfficiencyTests.test_late_body_is_archived_but_does_not_complete_expired_consumer) ... ok
test_local_governor_expiry_is_not_recorded_as_provider_failure (tests.lanes.pump.test_solana_immutable_efficiency.SolanaEfficiencyTests.test_local_governor_expiry_is_not_recorded_as_provider_failure) ... ok
test_no_consumer_count_inflation_for_cached_provider_job (tests.lanes.pump.test_solana_immutable_efficiency.SolanaEfficiencyTests.test_no_consumer_count_inflation_for_cached_provider_job) ... ok
test_null_or_error_network_proof_is_not_cached (tests.lanes.pump.test_solana_immutable_efficiency.SolanaEfficiencyTests.test_null_or_error_network_proof_is_not_cached) ... ok
test_pump_meteora_and_rotated_candidates_fetch_one_body (tests.lanes.pump.test_solana_immutable_efficiency.SolanaEfficiencyTests.test_pump_meteora_and_rotated_candidates_fetch_one_body) ... ok
test_recovered_internal_429_still_updates_shared_batch_pressure (tests.lanes.pump.test_solana_immutable_efficiency.SolanaEfficiencyTests.test_recovered_internal_429_still_updates_shared_batch_pressure) ... ok
test_shared_block_time_requires_finality_proof (tests.lanes.pump.test_solana_immutable_efficiency.SolanaEfficiencyTests.test_shared_block_time_requires_finality_proof) ... ok
test_speculative_budget_never_deletes_stream_evidence (tests.lanes.pump.test_solana_immutable_efficiency.SolanaEfficiencyTests.test_speculative_budget_never_deletes_stream_evidence) ... ok
test_stream_hint_archive_survives_hot_window_eviction_without_authority (tests.lanes.pump.test_solana_immutable_efficiency.SolanaEfficiencyTests.test_stream_hint_archive_survives_hot_window_eviction_without_authority) ... ok
test_unserviceable_reservation_releases_unique_job_lease (tests.lanes.pump.test_solana_immutable_efficiency.SolanaEfficiencyTests.test_unserviceable_reservation_releases_unique_job_lease) ... ok
test_four_native_commits_recover_lost_shared_ack_once (tests.test_operational_supervisor.NativeDeliveryRecovery.test_four_native_commits_recover_lost_shared_ack_once) ... ok
test_missing_canonical_portfolio_cannot_replace_native_epoch (tests.test_operational_supervisor.NativeDeliveryRecovery.test_missing_canonical_portfolio_cannot_replace_native_epoch) ... ok
test_unbound_canonical_portfolio_cannot_replace_native_epoch (tests.test_operational_supervisor.NativeDeliveryRecovery.test_unbound_canonical_portfolio_cannot_replace_native_epoch) ... ok

----------------------------------------------------------------------
Ran 40 tests in 2.118s

OK
