test_actual_sql_error_after_real_interrupt_is_not_misclassified_by_owner (tests.test_m1_maintenance_completion.M1CompletionSemanticsTests.test_actual_sql_error_after_real_interrupt_is_not_misclassified_by_owner) ... ok
test_arbitrary_exception_named_like_yield_is_still_fatal (tests.test_m1_maintenance_completion.M1CompletionSemanticsTests.test_arbitrary_exception_named_like_yield_is_still_fatal) ... ok
test_committed_housekeeping_then_yield_renews_only_its_committed_owner (tests.test_m1_maintenance_completion.M1CompletionSemanticsTests.test_committed_housekeeping_then_yield_renews_only_its_committed_owner) ... ok
test_committed_retirement_then_yield_keeps_durable_progress (tests.test_m1_maintenance_completion.M1CompletionSemanticsTests.test_committed_retirement_then_yield_keeps_durable_progress) ... ok
test_complete_failure_does_not_clear_identity_or_erase_known_durable_progress (tests.test_m1_maintenance_completion.M1CompletionSemanticsTests.test_complete_failure_does_not_clear_identity_or_erase_known_durable_progress) ... ok
test_completion_callback_raising_after_completion_never_completes_twice (tests.test_m1_maintenance_completion.M1CompletionSemanticsTests.test_completion_callback_raising_after_completion_never_completes_twice) ... ok
test_completion_failure_named_like_yield_still_revokes_admission (tests.test_m1_maintenance_completion.M1CompletionSemanticsTests.test_completion_failure_named_like_yield_still_revokes_admission) ... ok
test_execution_lease_expiration_preserves_commit_but_revokes_service_success (tests.test_m1_maintenance_completion.M1CompletionSemanticsTests.test_execution_lease_expiration_preserves_commit_but_revokes_service_success) ... ok
test_fatal_native_error_is_not_masked_by_recovered_reporting_yield (tests.test_m1_maintenance_completion.M1CompletionSemanticsTests.test_fatal_native_error_is_not_masked_by_recovered_reporting_yield) ... ok
test_forced_sql_interrupt_rolls_back_atomic_retirement_without_credit (tests.test_m1_maintenance_completion.M1CompletionSemanticsTests.test_forced_sql_interrupt_rolls_back_atomic_retirement_without_credit) ... ok
test_generation_change_after_commit_cannot_credit_old_decision (tests.test_m1_maintenance_completion.M1CompletionSemanticsTests.test_generation_change_after_commit_cannot_credit_old_decision) ... ok
test_generation_change_before_selection_fails_closed (tests.test_m1_maintenance_completion.M1CompletionSemanticsTests.test_generation_change_before_selection_fails_closed) ... ok
test_interruption_before_mutation_completes_without_progress (tests.test_m1_maintenance_completion.M1CompletionSemanticsTests.test_interruption_before_mutation_completes_without_progress) ... ok
test_late_reporting_retry_still_enforces_execution_lease (tests.test_m1_maintenance_completion.M1CompletionSemanticsTests.test_late_reporting_retry_still_enforces_execution_lease) ... ok
test_native_archive_worker_remains_pending_without_duplicate_preparation (tests.test_m1_maintenance_completion.M1CompletionSemanticsTests.test_native_archive_worker_remains_pending_without_duplicate_preparation) ... ok
test_native_progress_failure_preserves_unknown_identity_and_committed_ledger (tests.test_m1_maintenance_completion.M1CompletionSemanticsTests.test_native_progress_failure_preserves_unknown_identity_and_committed_ledger) ... ok
test_no_progress_archive_preparation_yield_does_not_renew_service (tests.test_m1_maintenance_completion.M1CompletionSemanticsTests.test_no_progress_archive_preparation_yield_does_not_renew_service) ... ok
test_observation_time_counts_against_the_existing_execution_lease (tests.test_m1_maintenance_completion.M1CompletionSemanticsTests.test_observation_time_counts_against_the_existing_execution_lease) ... ok
test_preemptible_preparation_sql_interrupt_is_cooperative_and_zero_progress (tests.test_m1_maintenance_completion.M1CompletionSemanticsTests.test_preemptible_preparation_sql_interrupt_is_cooperative_and_zero_progress) ... ok
test_repeated_archive_receipt_retry_after_commit_is_idempotent (tests.test_m1_maintenance_completion.M1CompletionSemanticsTests.test_repeated_archive_receipt_retry_after_commit_is_idempotent) ... ok
test_repeated_progress_read_yield_fails_closed_without_unbounded_retry (tests.test_m1_maintenance_completion.M1CompletionSemanticsTests.test_repeated_progress_read_yield_fails_closed_without_unbounded_retry) ... ok
test_uncommitted_outer_archive_transaction_cannot_earn_progress (tests.test_m1_maintenance_completion.M1CompletionSemanticsTests.test_uncommitted_outer_archive_transaction_cannot_earn_progress) ... ok
test_urgent_request_during_atomic_retirement_defers_until_durable_slice (tests.test_m1_maintenance_completion.M1CompletionSemanticsTests.test_urgent_request_during_atomic_retirement_defers_until_durable_slice) ... ok
test_wrong_equal_decision_identity_and_duplicate_completion_are_rejected (tests.test_m1_maintenance_completion.M1CompletionSemanticsTests.test_wrong_equal_decision_identity_and_duplicate_completion_are_rejected) ... ok
test_urgent_completion_clears_decision_before_next_ordinary_admission (tests.test_m1_maintenance_completion.M1NativeCompletionTests.test_urgent_completion_clears_decision_before_next_ordinary_admission) ... ok

----------------------------------------------------------------------
Ran 25 tests in 4.546s

OK
