test_fee_tier_boundary_and_graduation (tests.test_captured.Captured.test_fee_tier_boundary_and_graduation) ... ok
test_real_accounts_and_quotes (tests.test_captured.Captured.test_real_accounts_and_quotes) ... ok
test_real_trade (tests.test_captured.Captured.test_real_trade) ... ok
test_rpc_failures_and_forged_logs_are_not_trades (tests.test_captured.Captured.test_rpc_failures_and_forged_logs_are_not_trades) ... ok
test_transfer_tax_extensions_rejected (tests.test_captured.Captured.test_transfer_tax_extensions_rejected) ... ok
test_both_sources_unavailable_fail_closed (tests.test_concentration_reader.ConcentrationReaderTests.test_both_sources_unavailable_fail_closed) ... ok
test_compact_program_scan_uses_mint_filter_amount_slice_and_no_largest_call (tests.test_concentration_reader.ConcentrationReaderTests.test_compact_program_scan_uses_mint_filter_amount_slice_and_no_largest_call) ... ok
test_stale_secondary_falls_back_to_fresh_primary (tests.test_concentration_reader.ConcentrationReaderTests.test_stale_secondary_falls_back_to_fresh_primary) ... ok
test_verified_secondary_serves_concentration_without_primary_expensive_call (tests.test_concentration_reader.ConcentrationReaderTests.test_verified_secondary_serves_concentration_without_primary_expensive_call) ... ok
test_wrong_network_secondary_is_never_trusted (tests.test_concentration_reader.ConcentrationReaderTests.test_wrong_network_secondary_is_never_trusted) ... ok
test_prospective_every_entry_path_disabled (tests.test_dlmm.Authority.test_prospective_every_entry_path_disabled) ... ok
test_atomic_rollback_and_lost_ack (tests.test_dlmm.Lifecycle.test_atomic_rollback_and_lost_ack) ... ok
test_cancel_restart_and_duplicate_cancellation (tests.test_dlmm.Lifecycle.test_cancel_restart_and_duplicate_cancellation) ... ok
test_connected_lifecycle_restart_every_stage_and_no_double_release (tests.test_dlmm.Lifecycle.test_connected_lifecycle_restart_every_stage_and_no_double_release) ... ok
test_fixed_horizon_exit_and_unavailable_liquidation (tests.test_dlmm.Lifecycle.test_fixed_horizon_exit_and_unavailable_liquidation) ... ok
test_gap_future_real_event_and_observed_totals_rejected (tests.test_dlmm.Lifecycle.test_gap_future_real_event_and_observed_totals_rejected) ... ok
test_invariant_detects_forged_shares_and_authority (tests.test_dlmm.Lifecycle.test_invariant_detects_forged_shares_and_authority) ... ok
test_monitor_precedes_discovery_and_records_unresolved (tests.test_dlmm.Lifecycle.test_monitor_precedes_discovery_and_records_unresolved) ... ok
test_shared_pump_bankroll_and_insufficient_capital (tests.test_dlmm.Lifecycle.test_shared_pump_bankroll_and_insufficient_capital) ... ok
test_sol_x_orientation (tests.test_dlmm.Lifecycle.test_sol_x_orientation) ... ok
test_stale_missing_mark_does_not_free_capital (tests.test_dlmm.Lifecycle.test_stale_missing_mark_does_not_free_capital) ... ok
test_decoders_and_price (tests.test_dlmm.Protocol.test_decoders_and_price) ... ok
test_fee_and_single_multi_bin (tests.test_dlmm.Protocol.test_fee_and_single_multi_bin) ... ok
test_missing_traversal_does_not_modify_input (tests.test_dlmm.Protocol.test_missing_traversal_does_not_modify_input) ... ok
test_provider_reuses_finalized_budget (tests.test_dlmm.Protocol.test_provider_reuses_finalized_budget) ... ok
test_scout_non_authoritative_and_missing_research_explicit (tests.test_dlmm.Protocol.test_scout_non_authoritative_and_missing_research_explicit) ... ok
test_supported_scope_and_identity_fail_closed (tests.test_dlmm.Protocol.test_supported_scope_and_identity_fail_closed) ... ok
test_429_cooldown_is_shared_across_rpc_sessions (tests.test_dlmm_alchemy_provider.DLMMAlchemyTopologyTests.test_429_cooldown_is_shared_across_rpc_sessions) ... ok
test_429_retry_wait_keeps_two_second_floor (tests.test_dlmm_alchemy_provider.DLMMAlchemyTopologyTests.test_429_retry_wait_keeps_two_second_floor) ... ok
test_alchemy_is_required (tests.test_dlmm_alchemy_provider.DLMMAlchemyTopologyTests.test_alchemy_is_required) ... ok
test_dlmm_five_rps_pacer (tests.test_dlmm_alchemy_provider.DLMMAlchemyTopologyTests.test_dlmm_five_rps_pacer) ... ok
test_dlmm_uses_alchemy_directly_and_ignores_onfinality (tests.test_dlmm_alchemy_provider.DLMMAlchemyTopologyTests.test_dlmm_uses_alchemy_directly_and_ignores_onfinality) ... ok
test_new_rpc_objects_keep_independent_logical_budgets (tests.test_dlmm_alchemy_provider.DLMMAlchemyTopologyTests.test_new_rpc_objects_keep_independent_logical_budgets) ... ok
test_non_alchemy_routes_are_rejected (tests.test_dlmm_alchemy_provider.DLMMAlchemyTopologyTests.test_non_alchemy_routes_are_rejected) ... ok
test_point_two_second_single_and_batch_spacing (tests.test_dlmm_alchemy_provider.DLMMAlchemyTopologyTests.test_point_two_second_single_and_batch_spacing) ... ok
test_repeated_429s_adapt_cooldown_and_successes_decay_streak (tests.test_dlmm_alchemy_provider.DLMMAlchemyTopologyTests.test_repeated_429s_adapt_cooldown_and_successes_decay_streak) ... ok
test_rpc_calls_alchemy_once_without_failover (tests.test_dlmm_alchemy_provider.DLMMAlchemyTopologyTests.test_rpc_calls_alchemy_once_without_failover) ... ok
test_shared_pacer_serializes_rpc_objects (tests.test_dlmm_alchemy_provider.DLMMAlchemyTopologyTests.test_shared_pacer_serializes_rpc_objects) ... ok
test_signature_429_installs_fifteen_second_shared_backoff (tests.test_dlmm_alchemy_provider.DLMMAlchemyTopologyTests.test_signature_429_installs_fifteen_second_shared_backoff) ... ok
test_signature_reads_use_one_second_method_cadence (tests.test_dlmm_alchemy_provider.DLMMAlchemyTopologyTests.test_signature_reads_use_one_second_method_cadence) ... ok
test_initialize_bin_array_is_structural_and_terminal_verified (tests.test_dlmm_bin_array_neutral.BinArrayInitialization.test_initialize_bin_array_is_structural_and_terminal_verified) ... ok
test_initialize_bin_array_requires_exact_pool_position_pda_and_system (tests.test_dlmm_bin_array_neutral.BinArrayInitialization.test_initialize_bin_array_requires_exact_pool_position_pda_and_system) ... ok
test_other_non_swap_pool_mutation_still_fails_closed (tests.test_dlmm_bin_array_neutral.BinArrayInitialization.test_other_non_swap_pool_mutation_still_fails_closed) ... ok
test_cold_census_stops_at_first_authenticated_boundary (tests.test_dlmm_broker_census.BrokerCensusTests.test_cold_census_stops_at_first_authenticated_boundary) ... ok
test_incomplete_warm_bridge_does_not_advance_or_poison_cached_head (tests.test_dlmm_broker_census.BrokerCensusTests.test_incomplete_warm_bridge_does_not_advance_or_poison_cached_head) ... ok
test_pressure_and_missing_boundary_remain_fail_closed_before_publication (tests.test_dlmm_broker_census.BrokerCensusTests.test_pressure_and_missing_boundary_remain_fail_closed_before_publication) ... ok
test_70_bin_range_is_one_sided_relative_to_active (tests.test_dlmm_capital_efficiency_v1.CapitalEfficiencyV1Tests.test_70_bin_range_is_one_sided_relative_to_active) ... ok
test_discovery_unions_volume_and_fee_density_without_tvl_filter (tests.test_dlmm_capital_efficiency_v1.CapitalEfficiencyV1Tests.test_discovery_unions_volume_and_fee_density_without_tvl_filter) ... ok
test_far_edge_escape_is_orientation_correct (tests.test_dlmm_capital_efficiency_v1.CapitalEfficiencyV1Tests.test_far_edge_escape_is_orientation_correct) ... ok
test_frozen_rule_has_no_absolute_tvl_floor (tests.test_dlmm_capital_efficiency_v1.CapitalEfficiencyV1Tests.test_frozen_rule_has_no_absolute_tvl_floor) ... ok
test_qualification_requires_all_economic_and_risk_checks (tests.test_dlmm_capital_efficiency_v1.CapitalEfficiencyV1Tests.test_qualification_requires_all_economic_and_risk_checks) ... ok
test_add_liquidity2_is_an_authorized_warmup_reset_kind (tests.test_dlmm_dense_acquisition.DenseAcquisition.test_add_liquidity2_is_an_authorized_warmup_reset_kind) ... ok
test_hard_cap_visible_never_gets_relabelled_as_valid_chunk (tests.test_dlmm_dense_acquisition.DenseAcquisition.test_hard_cap_visible_never_gets_relabelled_as_valid_chunk) ... ok
test_idle_market_closes_on_time_without_busy_polling (tests.test_dlmm_dense_acquisition.DenseAcquisition.test_idle_market_closes_on_time_without_busy_polling) ... ok
test_measured_endpoint_latency_never_reduces_predictive_reserve (tests.test_dlmm_dense_acquisition.DenseAcquisition.test_measured_endpoint_latency_never_reduces_predictive_reserve) ... ok
test_predictive_pressure_closes_before_old_eight_transaction_boundary (tests.test_dlmm_dense_acquisition.DenseAcquisition.test_predictive_pressure_closes_before_old_eight_transaction_boundary) ... ok
test_dlmm_snapshot_fresh_flag_reaches_both_account_reads_only (tests.test_dlmm_endpoint_fresh.FreshProviderRead.test_dlmm_snapshot_fresh_flag_reaches_both_account_reads_only) ... ok
test_fresh_call_bypasses_short_cache_and_refreshes_it (tests.test_dlmm_endpoint_fresh.FreshProviderRead.test_fresh_call_bypasses_short_cache_and_refreshes_it) ... ok
test_interval_capture_requires_fresh_endpoint_snapshot (tests.test_dlmm_endpoint_fresh.FreshProviderRead.test_interval_capture_requires_fresh_endpoint_snapshot) ... ok
test_state_hinted_endpoint_uses_one_account_read_and_forward_context (tests.test_dlmm_endpoint_fresh.FreshProviderRead.test_state_hinted_endpoint_uses_one_account_read_and_forward_context) ... ok
test_host_is_protocol_carveout_not_extra_fee_or_lp_revenue (tests.test_dlmm_host_fee.HostFeeAccounting.test_host_is_protocol_carveout_not_extra_fee_or_lp_revenue) ... ok
test_hosted_swap_reconstructs_exact_terminal_state (tests.test_dlmm_host_fee.HostFeeAccounting.test_hosted_swap_reconstructs_exact_terminal_state) ... ok
test_legacy_event_host_account_and_companion_event_are_authenticated (tests.test_dlmm_host_fee.HostFeeAccounting.test_legacy_event_host_account_and_companion_event_are_authenticated) ... ok
test_ordered_transfer_authenticates_missing_host_balance_rows (tests.test_dlmm_host_fee.HostFeeAccounting.test_ordered_transfer_authenticates_missing_host_balance_rows) ... ok
test_ordered_transfer_survives_unrelated_host_account_movement (tests.test_dlmm_host_fee.HostFeeAccounting.test_ordered_transfer_survives_unrelated_host_account_movement) ... ok
test_ordered_transfer_wrong_amount_or_mint_fails_closed (tests.test_dlmm_host_fee.HostFeeAccounting.test_ordered_transfer_wrong_amount_or_mint_fails_closed) ... ok
test_reconstruct_can_ignore_confounded_recipient_net_delta_but_not_wrong_mint (tests.test_dlmm_host_fee.HostFeeAccounting.test_reconstruct_can_ignore_confounded_recipient_net_delta_but_not_wrong_mint) ... ok
test_reconstruct_defers_missing_recipient_rows_to_terminal_pool_conservation (tests.test_dlmm_host_fee.HostFeeAccounting.test_reconstruct_defers_missing_recipient_rows_to_terminal_pool_conservation) ... ok
test_shared_host_account_authenticates_transaction_aggregate (tests.test_dlmm_host_fee.HostFeeAccounting.test_shared_host_account_authenticates_transaction_aggregate) ... ok
test_shared_routed_host_account_accepts_exact_aggregate_delta (tests.test_dlmm_host_fee.HostFeeAccounting.test_shared_routed_host_account_accepts_exact_aggregate_delta) ... ok
test_swap2_partial_limit_and_output_fee_modes_remain_rejected (tests.test_dlmm_host_fee.HostFeeAccounting.test_swap2_partial_limit_and_output_fee_modes_remain_rejected) ... ok
test_terminal_conservation_rejects_wrong_host_event_amount (tests.test_dlmm_host_fee.HostFeeAccounting.test_terminal_conservation_rejects_wrong_host_event_amount) ... ok
test_unrelated_routed_host_account_cannot_poison_target_pool (tests.test_dlmm_host_fee.HostFeeAccounting.test_unrelated_routed_host_account_cannot_poison_target_pool) ... ok
test_wrong_host_delta_and_wrong_input_mint_fail_closed (tests.test_dlmm_host_fee.HostFeeAccounting.test_wrong_host_delta_and_wrong_input_mint_fail_closed) ... ok
test_failed_build_cancels_without_minting_capital_and_namespace_is_fixed (tests.test_dlmm_independent_accounting.DurableIndependentAccounting.test_failed_build_cancels_without_minting_capital_and_namespace_is_fixed) ... ok
test_failed_monitor_keeps_position_and_cost_reserve (tests.test_dlmm_independent_accounting.DurableIndependentAccounting.test_failed_monitor_keeps_position_and_cost_reserve) ... ok
test_full_lifecycle_reopens_replays_and_recycles_only_actual_cash (tests.test_dlmm_independent_accounting.DurableIndependentAccounting.test_full_lifecycle_reopens_replays_and_recycles_only_actual_cash) ... ok
test_replay_rejects_different_economic_result (tests.test_dlmm_independent_accounting.DurableIndependentAccounting.test_replay_rejects_different_economic_result) ... ok
test_exact_target_pool_strategy2_surfaces_snapshot_reset_boundary (tests.test_dlmm_liquidity_reset.LiquidityMutationIdentity.test_exact_target_pool_strategy2_surfaces_snapshot_reset_boundary) ... ok
test_wrong_pool_position_is_not_classified_as_safe_reset (tests.test_dlmm_liquidity_reset.LiquidityMutationIdentity.test_wrong_pool_position_is_not_classified_as_safe_reset) ... ok
test_outcome_never_segments_post_entry_liquidity_mutation (tests.test_dlmm_liquidity_reset.WarmupSnapshotReset.test_outcome_never_segments_post_entry_liquidity_mutation) ... ok
test_warmup_discards_pre_mutation_chunks_and_restarts_full_window (tests.test_dlmm_liquidity_reset.WarmupSnapshotReset.test_warmup_discards_pre_mutation_chunks_and_restarts_full_window) ... ok
test_initialize_position_is_pool_neutral_and_terminal_verified (tests.test_dlmm_pool_neutral.PoolNeutralPositionInit.test_initialize_position_is_pool_neutral_and_terminal_verified) ... ok
test_initialize_position_requires_exact_lb_pair_account_position (tests.test_dlmm_pool_neutral.PoolNeutralPositionInit.test_initialize_position_requires_exact_lb_pair_account_position) ... ok
test_development_ledger_is_deduped_and_targets_thirty (tests.test_dlmm_profitability_pilot.ProfitabilityDensityPreflight.test_development_ledger_is_deduped_and_targets_thirty) ... ok
test_error_classification_keeps_censoring_reasons_distinct (tests.test_dlmm_profitability_pilot.ProfitabilityDensityPreflight.test_error_classification_keeps_censoring_reasons_distinct) ... ok
test_fresh_supported_start_is_taken_at_attempt_time (tests.test_dlmm_profitability_pilot.ProfitabilityDensityPreflight.test_fresh_supported_start_is_taken_at_attempt_time) ... ok
test_hurdle_progress_tracks_best_candidate_gap (tests.test_dlmm_profitability_pilot.ProfitabilityDensityPreflight.test_hurdle_progress_tracks_best_candidate_gap) ... ok
test_non_sixty_second_horizon_is_rejected (tests.test_dlmm_profitability_pilot.ProfitabilityDensityPreflight.test_non_sixty_second_horizon_is_rejected) ... ok
test_over_capacity_is_explicit_and_never_reconstructs (tests.test_dlmm_profitability_pilot.ProfitabilityDensityPreflight.test_over_capacity_is_explicit_and_never_reconstructs) ... ok
test_passing_preflight_gates_verified_acquisition_and_keeps_window_total (tests.test_dlmm_profitability_pilot.ProfitabilityDensityPreflight.test_passing_preflight_gates_verified_acquisition_and_keeps_window_total) ... ok
test_per_candidate_budget_exhaustion_does_not_stop_batch (tests.test_dlmm_profitability_pilot.ProfitabilityDensityPreflight.test_per_candidate_budget_exhaustion_does_not_stop_batch) ... ok
test_provider_failure_is_not_zero_opportunity (tests.test_dlmm_profitability_pilot.ProfitabilityDensityPreflight.test_provider_failure_is_not_zero_opportunity) ... ok
test_sixty_second_outcome_is_chained_from_five_verified_segments (tests.test_dlmm_profitability_pilot.ProfitabilityDensityPreflight.test_sixty_second_outcome_is_chained_from_five_verified_segments) ... ok
test_width8_is_retained_as_legacy_comparator (tests.test_dlmm_profitability_pilot.ProfitabilityDensityPreflight.test_width8_is_retained_as_legacy_comparator) ... ok
test_zero_swap_warmup_skips_outcome_and_keeps_scanning (tests.test_dlmm_profitability_pilot.ProfitabilityDensityPreflight.test_zero_swap_warmup_skips_outcome_and_keeps_scanning) ... ok
test_final_rankings_are_metric_specific (tests.test_dlmm_profitable_operator_deep.ProfitableOperatorDeepTests.test_final_rankings_are_metric_specific) ... ok
test_market_context_uses_historical_windows_and_never_current_fee_tvl (tests.test_dlmm_profitable_operator_deep.ProfitableOperatorDeepTests.test_market_context_uses_historical_windows_and_never_current_fee_tvl) ... ok
test_multi_position_transaction_keeps_wallet_cost_exact_but_twr_allocation_unavailable (tests.test_dlmm_profitable_operator_deep.ProfitableOperatorDeepTests.test_multi_position_transaction_keeps_wallet_cost_exact_but_twr_allocation_unavailable) ... ok
test_network_fee_is_counted_once_and_priced_from_direct_wsol_event (tests.test_dlmm_profitable_operator_deep.ProfitableOperatorDeepTests.test_network_fee_is_counted_once_and_priced_from_direct_wsol_event) ... ok
test_capital_timeline_does_not_double_count_recycled_capital (tests.test_dlmm_profitable_operator_discovery.ProfitableOperatorDiscoveryTests.test_capital_timeline_does_not_double_count_recycled_capital) ... ok
test_capital_timeline_sums_overlapping_exposure (tests.test_dlmm_profitable_operator_discovery.ProfitableOperatorDiscoveryTests.test_capital_timeline_sums_overlapping_exposure) ... ok
test_current_liquidity_management_surface_is_in_operator_census (tests.test_dlmm_profitable_operator_discovery.ProfitableOperatorDiscoveryTests.test_current_liquidity_management_surface_is_in_operator_census) ... ok
test_freeze_requires_complete_matching_no_pnl_census (tests.test_dlmm_profitable_operator_discovery.ProfitableOperatorDiscoveryTests.test_freeze_requires_complete_matching_no_pnl_census) ... ok
test_pool_census_exhausts_all_pages_and_keeps_all_eligible_sol_pairs (tests.test_dlmm_profitable_operator_discovery.ProfitableOperatorDiscoveryTests.test_pool_census_exhausts_all_pages_and_keeps_all_eligible_sol_pairs) ... ok
test_protocol_freezes_all_pool_census_and_no_wallet_cap (tests.test_dlmm_profitable_operator_discovery.ProfitableOperatorDiscoveryTests.test_protocol_freezes_all_pool_census_and_no_wallet_cap) ... ok
test_rank_checkpoint_compatibility_requires_exact_signature (tests.test_dlmm_profitable_operator_discovery.ProfitableOperatorDiscoveryTests.test_rank_checkpoint_compatibility_requires_exact_signature) ... ok
test_realized_path_metrics_are_chronological (tests.test_dlmm_profitable_operator_discovery.ProfitableOperatorDiscoveryTests.test_realized_path_metrics_are_chronological) ... ok
test_whole_wallet_retry_wraps_existing_request_retries (tests.test_dlmm_profitable_operator_discovery.ProfitableOperatorDiscoveryTests.test_whole_wallet_retry_wraps_existing_request_retries) ... ok
test_decode_add2_and_distribution_shape (tests.test_dlmm_profitable_operator_reconstruction.ProfitableOperatorReconstructionTests.test_decode_add2_and_distribution_shape) ... ok
test_decode_remove_range2_and_rebalance (tests.test_dlmm_profitable_operator_reconstruction.ProfitableOperatorReconstructionTests.test_decode_remove_range2_and_rebalance) ... ok
test_decode_strategy2_preserves_frozen_strategy_semantics (tests.test_dlmm_profitable_operator_reconstruction.ProfitableOperatorReconstructionTests.test_decode_strategy2_preserves_frozen_strategy_semantics) ... ok
test_decode_weight_and_one_side_ranges (tests.test_dlmm_profitable_operator_reconstruction.ProfitableOperatorReconstructionTests.test_decode_weight_and_one_side_ranges) ... ok
test_exact_capital_accepts_recycled_full_close_without_double_counting (tests.test_dlmm_profitable_operator_reconstruction.ProfitableOperatorReconstructionTests.test_exact_capital_accepts_recycled_full_close_without_double_counting) ... ok
test_exact_capital_rejects_partial_remove_instead_of_imputing (tests.test_dlmm_profitable_operator_reconstruction.ProfitableOperatorReconstructionTests.test_exact_capital_rejects_partial_remove_instead_of_imputing) ... ok
test_exact_simple_twr_chain_links_recycled_nonoverlapping_positions (tests.test_dlmm_profitable_operator_reconstruction.ProfitableOperatorReconstructionTests.test_exact_simple_twr_chain_links_recycled_nonoverlapping_positions) ... ok
test_exact_simple_twr_rejects_overlap_or_unpriced_cost (tests.test_dlmm_profitable_operator_reconstruction.ProfitableOperatorReconstructionTests.test_exact_simple_twr_rejects_overlap_or_unpriced_cost) ... ok
test_shared_external_fee_payer_merges_wallets_but_self_payer_does_not (tests.test_dlmm_profitable_operator_reconstruction.ProfitableOperatorReconstructionTests.test_shared_external_fee_payer_merges_wallets_but_self_payer_does_not) ... ok
test_sol_price_requires_direct_plausible_wsol_usd_pair (tests.test_dlmm_profitable_operator_reconstruction.ProfitableOperatorReconstructionTests.test_sol_price_requires_direct_plausible_wsol_usd_pair) ... ok
test_direct_fleet_counts_as_one_cluster_vote (tests.test_dlmm_profitable_operator_rules.ProfitableOperatorRuleTests.test_direct_fleet_counts_as_one_cluster_vote) ... ok
test_negative_or_inexact_wallet_cannot_support_rule (tests.test_dlmm_profitable_operator_rules.ProfitableOperatorRuleTests.test_negative_or_inexact_wallet_cannot_support_rule) ... ok
test_rule_freeze_requires_ready_pre_outcome_proposals (tests.test_dlmm_profitable_operator_rules.ProfitableOperatorRuleTests.test_rule_freeze_requires_ready_pre_outcome_proposals) ... ok
test_two_of_three_support_passes_and_one_of_three_does_not (tests.test_dlmm_profitable_operator_rules.ProfitableOperatorRuleTests.test_two_of_three_support_passes_and_one_of_three_does_not) ... ok
test_wallet_behavior_uses_frozen_buckets (tests.test_dlmm_profitable_operator_rules.ProfitableOperatorRuleTests.test_wallet_behavior_uses_frozen_buckets) ... ok
test_authentic_swap_tape_restart_and_zero_fee_for_untraversed_virtual_bins (tests.test_dlmm_reference.OfficialReference.test_authentic_swap_tape_restart_and_zero_fee_for_untraversed_virtual_bins) ... ok
test_captured_current_pool_rejects_missing_active_array (tests.test_dlmm_reference.OfficialReference.test_captured_current_pool_rejects_missing_active_array) ... ok
test_current_mainnet_pool_through_runtime_decoders_and_scout (tests.test_dlmm_reference.OfficialReference.test_current_mainnet_pool_through_runtime_decoders_and_scout) ... ok
test_idl_account_offsets_and_sizes (tests.test_dlmm_reference.OfficialReference.test_idl_account_offsets_and_sizes) ... ok
test_mainnet_bytes_deposit_withdraw_restart_and_cost_only_loss (tests.test_dlmm_reference.OfficialReference.test_mainnet_bytes_deposit_withdraw_restart_and_cost_only_loss) ... ok
test_official_executed_sdk_vectors (tests.test_dlmm_reference.OfficialReference.test_official_executed_sdk_vectors) ... ok
test_official_historical_pool_and_bins_without_invented_timestamp (tests.test_dlmm_reference.OfficialReference.test_official_historical_pool_and_bins_without_invented_timestamp) ... ok
test_real_captured_swap_interval_exact_state_and_fee_attribution (tests.test_dlmm_reference.OfficialReference.test_real_captured_swap_interval_exact_state_and_fee_attribution) ... ok
test_classic_mint_authority_without_freeze_is_supported_and_surfaced (tests.test_dlmm_safe_token2022.SafeToken2022Tests.test_classic_mint_authority_without_freeze_is_supported_and_surfaced) ... ok
test_freeze_authority_remains_fail_closed (tests.test_dlmm_safe_token2022.SafeToken2022Tests.test_freeze_authority_remains_fail_closed) ... ok
test_immutable_owner_token2022_vault_is_supported (tests.test_dlmm_safe_token2022.SafeToken2022Tests.test_immutable_owner_token2022_vault_is_supported) ... ok
test_metadata_only_token2022_mint_is_supported (tests.test_dlmm_safe_token2022.SafeToken2022Tests.test_metadata_only_token2022_mint_is_supported) ... ok
test_token2022_transfer_checked_is_recognized_by_tape (tests.test_dlmm_safe_token2022.SafeToken2022Tests.test_token2022_transfer_checked_is_recognized_by_tape) ... ok
test_transfer_fee_amount_vault_remains_fail_closed (tests.test_dlmm_safe_token2022.SafeToken2022Tests.test_transfer_fee_amount_vault_remains_fail_closed) ... ok
test_transfer_fee_token2022_mint_remains_fail_closed (tests.test_dlmm_safe_token2022.SafeToken2022Tests.test_transfer_fee_token2022_mint_remains_fail_closed) ... ok
test_transfer_hook_and_pausable_remain_fail_closed (tests.test_dlmm_safe_token2022.SafeToken2022Tests.test_transfer_hook_and_pausable_remain_fail_closed) ... ok
test_actual_interval_over_sixteen_still_fails_closed (tests.test_dlmm_signature_boundary.SignatureBoundary.test_actual_interval_over_sixteen_still_fails_closed) ... ok
test_endpoint_slots_survive_page_bound_failure (tests.test_dlmm_signature_boundary.SignatureBoundary.test_endpoint_slots_survive_page_bound_failure) ... ok
test_first_page_boundary_needs_no_fallback (tests.test_dlmm_signature_boundary.SignatureBoundary.test_first_page_boundary_needs_no_fallback) ... ok
test_page_cap_fails_closed_without_fetching_seventeenth_page (tests.test_dlmm_signature_boundary.SignatureBoundary.test_page_cap_fails_closed_without_fetching_seventeenth_page) ... ok
test_pagination_duplicate_is_not_silently_deduplicated (tests.test_dlmm_signature_boundary.SignatureBoundary.test_pagination_duplicate_is_not_silently_deduplicated) ... ok
test_post_endpoint_pages_are_skipped_until_interval_and_boundary (tests.test_dlmm_signature_boundary.SignatureBoundary.test_post_endpoint_pages_are_skipped_until_interval_and_boundary) ... ok
test_short_exhausted_history_without_boundary_fails_closed (tests.test_dlmm_signature_boundary.SignatureBoundary.test_short_exhausted_history_without_boundary_fails_closed) ... ok
test_telemetry_describes_pages_without_changing_proof (tests.test_dlmm_signature_boundary.SignatureBoundary.test_telemetry_describes_pages_without_changing_proof) ... ok
test_census_fails_open_only_to_exact_sol_rows_and_reports_completion (tests.test_dlmm_small_pool_market_opportunity.SmallPoolMarketOpportunityTests.test_census_fails_open_only_to_exact_sol_rows_and_reports_completion) ... ok
test_exact_sol_pair_requires_one_wsol_leg (tests.test_dlmm_small_pool_market_opportunity.SmallPoolMarketOpportunityTests.test_exact_sol_pair_requires_one_wsol_leg) ... ok
test_protocol_forbids_wallet_inputs (tests.test_dlmm_small_pool_market_opportunity.SmallPoolMarketOpportunityTests.test_protocol_forbids_wallet_inputs) ... ok
test_summary_exposes_fee_and_volume_density (tests.test_dlmm_small_pool_market_opportunity.SmallPoolMarketOpportunityTests.test_summary_exposes_fee_and_volume_density) ... ok
test_tvl_filters_are_disjoint (tests.test_dlmm_small_pool_market_opportunity.SmallPoolMarketOpportunityTests.test_tvl_filters_are_disjoint) ... ok
test_volatility_sample_is_deterministic_and_not_fee_sorted (tests.test_dlmm_small_pool_market_opportunity.SmallPoolMarketOpportunityTests.test_volatility_sample_is_deterministic_and_not_fee_sorted) ... ok
test_aggregate_keeps_small_pool_profit_separate (tests.test_dlmm_small_pool_profitability.SmallPoolProfitabilityTests.test_aggregate_keeps_small_pool_profit_separate) ... ok
test_price_inference_uses_sol_plausibility_and_ohlcv_ratio (tests.test_dlmm_small_pool_profitability.SmallPoolProfitabilityTests.test_price_inference_uses_sol_plausibility_and_ohlcv_ratio) ... ok
test_protocol_keeps_50k_execution_gate_unchanged (tests.test_dlmm_small_pool_profitability.SmallPoolProfitabilityTests.test_protocol_keeps_50k_execution_gate_unchanged) ... ok
test_reserve_prebalances_require_both_exact_vaults (tests.test_dlmm_small_pool_profitability.SmallPoolProfitabilityTests.test_reserve_prebalances_require_both_exact_vaults) ... ok
test_tvl_bucket_boundaries_are_preregistered (tests.test_dlmm_small_pool_profitability.SmallPoolProfitabilityTests.test_tvl_bucket_boundaries_are_preregistered) ... ok
test_holdout_report_is_rejected (tests.test_dlmm_strategy_development_analysis.DevelopmentAnalysis.test_holdout_report_is_rejected) ... ok
test_insufficient_sample_never_proposes_rule (tests.test_dlmm_strategy_development_analysis.DevelopmentAnalysis.test_insufficient_sample_never_proposes_rule) ... ok
test_supported_development_sample_proposes_but_does_not_freeze (tests.test_dlmm_strategy_development_analysis.DevelopmentAnalysis.test_supported_development_sample_proposes_but_does_not_freeze) ... ok
test_development_gate_requires_cost_flow_and_reversion (tests.test_dlmm_strategy_economics.DlmmEconomicStrategy.test_development_gate_requires_cost_flow_and_reversion) ... ok
test_fixed_cost_hurdle_is_exactly_mechanical_35_bps (tests.test_dlmm_strategy_economics.DlmmEconomicStrategy.test_fixed_cost_hurdle_is_exactly_mechanical_35_bps) ... ok
test_frozen_rule_schema_is_read_without_auto_tuning (tests.test_dlmm_strategy_economics.DlmmEconomicStrategy.test_frozen_rule_schema_is_read_without_auto_tuning) ... ok
test_price_normalized_width_changes_with_bin_step (tests.test_dlmm_strategy_economics.DlmmEconomicStrategy.test_price_normalized_width_changes_with_bin_step) ... ok
test_range_features_are_specific_to_proposed_range_and_cost_anchored (tests.test_dlmm_strategy_economics.DlmmEconomicStrategy.test_range_features_are_specific_to_proposed_range_and_cost_anchored) ... ok
test_repository_rule_template_is_explicitly_unfrozen (tests.test_dlmm_strategy_economics.DlmmEconomicStrategy.test_repository_rule_template_is_explicitly_unfrozen) ... ok
test_unfrozen_rule_cannot_be_used_for_holdout (tests.test_dlmm_strategy_economics.DlmmEconomicStrategy.test_unfrozen_rule_cannot_be_used_for_holdout) ... ok
test_candidate_preserves_pre_entry_activity_metrics (tests.test_dlmm_strategy_high_activity.HighActivityDiscovery.test_candidate_preserves_pre_entry_activity_metrics) ... ok
test_selector_is_fixed_and_uses_only_warmup_activity (tests.test_dlmm_strategy_high_activity.HighActivityDiscovery.test_selector_is_fixed_and_uses_only_warmup_activity) ... ok
test_sol_pair_filter_rejects_wrong_or_unsupported_rows (tests.test_dlmm_strategy_high_activity.HighActivityDiscovery.test_sol_pair_filter_rejects_wrong_or_unsupported_rows) ... ok
test_external_removal_preserves_counterfactual_position_share_order (tests.test_dlmm_strategy_point_in_time.DlmmPointInTimeResearch.test_external_removal_preserves_counterfactual_position_share_order) ... ok
test_pinned_one_sided_bidask_distribution_is_bounded (tests.test_dlmm_strategy_point_in_time.DlmmPointInTimeResearch.test_pinned_one_sided_bidask_distribution_is_bounded) ... ok
test_regime_features_use_only_warmup_tape (tests.test_dlmm_strategy_point_in_time.DlmmPointInTimeResearch.test_regime_features_use_only_warmup_tape) ... ok
test_verified_tape_drives_after_cost_counterfactual (tests.test_dlmm_strategy_point_in_time.DlmmPointInTimeResearch.test_verified_tape_drives_after_cost_counterfactual) ... ok
test_add_liquidity2_replays_floor_distribution_exactly (tests.test_dlmm_tape.Tape.test_add_liquidity2_replays_floor_distribution_exactly) ... ok
test_add_liquidity2_wrong_transfer_fails_closed (tests.test_dlmm_tape.Tape.test_add_liquidity2_wrong_transfer_fails_closed) ... ok
test_claim_fee2_event_binds_across_intervening_dlmm_inner_instruction (tests.test_dlmm_tape.Tape.test_claim_fee2_event_binds_across_intervening_dlmm_inner_instruction) ... ok
test_claim_fee2_exact_vault_transfer_is_terminal_adjustment (tests.test_dlmm_tape.Tape.test_claim_fee2_exact_vault_transfer_is_terminal_adjustment) ... ok
test_claim_fee2_wrong_user_delta_fails_closed (tests.test_dlmm_tape.Tape.test_claim_fee2_wrong_user_delta_fails_closed) ... ok
test_connected_verified_interval_and_captured_store (tests.test_dlmm_tape.Tape.test_connected_verified_interval_and_captured_store) ... ok
test_current_swap2_companion_is_cross_checked (tests.test_dlmm_tape.Tape.test_current_swap2_companion_is_cross_checked) ... ok
test_exact_out2_reconstructs_actual_input_output_and_terminal_state (tests.test_dlmm_tape.Tape.test_exact_out2_reconstructs_actual_input_output_and_terminal_state) ... ok
test_external_effect_missing_balance_has_external_reason (tests.test_dlmm_tape.Tape.test_external_effect_missing_balance_has_external_reason) ... ok
test_external_effect_new_ata_uses_ordered_transfer_proof (tests.test_dlmm_tape.Tape.test_external_effect_new_ata_uses_ordered_transfer_proof) ... ok
test_missing_mutation_ambiguous_order_and_history_fail_closed (tests.test_dlmm_tape.Tape.test_missing_mutation_ambiguous_order_and_history_fail_closed) ... ok
test_remove_claim_tape_resumes_after_lost_adjustment_ack (tests.test_dlmm_tape.Tape.test_remove_claim_tape_resumes_after_lost_adjustment_ack) ... ok
test_remove_liquidity_by_range2_reconstructs_exact_bin_share_delta (tests.test_dlmm_tape.Tape.test_remove_liquidity_by_range2_reconstructs_exact_bin_share_delta) ... ok
test_remove_plus_claim_uses_aggregate_transaction_balance_delta (tests.test_dlmm_tape.Tape.test_remove_plus_claim_uses_aggregate_transaction_balance_delta) ... ok
test_restart_after_real_swap_before_interval_checkpoint (tests.test_dlmm_tape.Tape.test_restart_after_real_swap_before_interval_checkpoint) ... ok
test_same_slot_transactions_use_rpc_transaction_index_order (tests.test_dlmm_tape.Tape.test_same_slot_transactions_use_rpc_transaction_index_order) ... ok
test_spoofed_events_and_host_fee_rejected (tests.test_dlmm_tape.Tape.test_spoofed_events_and_host_fee_rejected) ... ok
test_terminal_is_validation_only_no_backward_inference (tests.test_dlmm_tape.Tape.test_terminal_is_validation_only_no_backward_inference) ... ok
test_bin_cross_updates_last_update_terminal_equality (tests.test_dlmm_tape_extensions.DlmmTapeExtensions.test_bin_cross_updates_last_update_terminal_equality) ... ok
test_last_update_is_bin_cross_gated_not_filter_gated (tests.test_dlmm_tape_extensions.DlmmTapeExtensions.test_last_update_is_bin_cross_gated_not_filter_gated) ... ok
test_multiple_exact_input_swaps_preserve_transaction_execution_order (tests.test_dlmm_tape_extensions.DlmmTapeExtensions.test_multiple_exact_input_swaps_preserve_transaction_execution_order) ... ok
test_routed_transaction_ignores_authenticated_swap_for_other_pool (tests.test_dlmm_tape_extensions.DlmmTapeExtensions.test_routed_transaction_ignores_authenticated_swap_for_other_pool) ... ok
test_same_bin_after_filter_period_preserves_last_update_terminal_equality (tests.test_dlmm_tape_extensions.DlmmTapeExtensions.test_same_bin_after_filter_period_preserves_last_update_terminal_equality) ... ok
test_unexplained_terminal_last_update_mutation_still_fails_closed (tests.test_dlmm_tape_extensions.DlmmTapeExtensions.test_unexplained_terminal_last_update_mutation_still_fails_closed) ... ok
test_verified_chunks_chain_without_raising_transaction_bound (tests.test_dlmm_tape_extensions.DlmmTapeExtensions.test_verified_chunks_chain_without_raising_transaction_bound) ... ok
test_checkpoint_resume_reuses_only_successful_wallets (tests.test_dlmm_top_roi_wallet_evaluation.TopROIWalletEvaluationTests.test_checkpoint_resume_reuses_only_successful_wallets) ... {"attempted_pools": 2, "completed_windows": 1, "conclusion": "development_sample_collecting_no_profitability_claim", "density_exclusions": 0, "economic_rejections": 1, "legacy_width8_median_pnl_bps": null, "rpc_calls": 250, "rpc_calls_per_completed_observation": 250.0, "selected_median_pnl_bps": null, "selected_trades": 0, "study_phase": "development"}
{"cohort_hash": "db891c5e4464919a91b95dbd9b8b5c5fff9fd966945bc086dd843cf00ccb057f", "pools": 1, "status": "frozen_pre_pnl", "wallets": 2}
{"compatible": true, "completed_wallets": 1, "total_wallets": 2}
{"clusters": 3, "proposals": 1, "status": "candidate_rules_ready_to_freeze_before_prospective_test", "voting": 3}
{"clusters": 1, "proposals": 0, "status": "no_repeatable_family_meets_preregistered_support", "voting": 1}
{"rule_hash": "fdf289c2fa973510d904f598949038a01d0da5095e25b021300de3b27d01add2", "rules": 1, "status": "frozen_pre_prospective"}
{"clusters": 3, "proposals": 1, "status": "candidate_rules_ready_to_freeze_before_prospective_test", "voting": 3}
{"completed_wallets": 1, "failed_wallets": 0, "phase": "wallet_checkpoint", "state": "completed", "total_wallets": 3, "wallet": "a"}
{"completed_wallets": 2, "failed_wallets": 0, "phase": "wallet_checkpoint", "state": "completed", "total_wallets": 3, "wallet": "c"}
{"completed_wallets": 2, "failed_wallets": 1, "phase": "wallet_checkpoint", "state": "failed", "total_wallets": 3, "wallet": "b"}
{"completed_wallets": 3, "failed_wallets": 0, "phase": "wallet_checkpoint", "state": "completed", "total_wallets": 3, "wallet": "b"}
ok
test_checkpoint_rule_signature_preserves_roi_criteria (tests.test_dlmm_top_roi_wallet_evaluation.TopROIWalletEvaluationTests.test_checkpoint_rule_signature_preserves_roi_criteria) ... ok
test_discovery_constants_require_broader_pre_pnl_sample (tests.test_dlmm_top_roi_wallet_evaluation.TopROIWalletEvaluationTests.test_discovery_constants_require_broader_pre_pnl_sample) ... ok
test_exhaustive_low_history_pool_is_complete_boundary (tests.test_dlmm_top_roi_wallet_evaluation.TopROIWalletEvaluationTests.test_exhaustive_low_history_pool_is_complete_boundary) ... ok
test_pool_metrics_uses_deposit_weighted_roi (tests.test_dlmm_top_roi_wallet_evaluation.TopROIWalletEvaluationTests.test_pool_metrics_uses_deposit_weighted_roi) ... ok
test_raw_roi_does_not_imply_robust_eligibility (tests.test_dlmm_top_roi_wallet_evaluation.TopROIWalletEvaluationTests.test_raw_roi_does_not_imply_robust_eligibility) ... ok
test_wallet_analysis_is_bounded_concurrent_and_checkpointed (tests.test_dlmm_top_roi_wallet_evaluation.TopROIWalletEvaluationTests.test_wallet_analysis_is_bounded_concurrent_and_checkpointed) ... {"completed_wallets": 1, "failed_wallets": 0, "phase": "wallet_checkpoint", "state": "completed", "total_wallets": 4, "wallet": "w1"}
{"completed_wallets": 2, "failed_wallets": 0, "phase": "wallet_checkpoint", "state": "completed", "total_wallets": 4, "wallet": "w2"}
{"completed_wallets": 3, "failed_wallets": 0, "phase": "wallet_checkpoint", "state": "completed", "total_wallets": 4, "wallet": "w3"}
{"completed_wallets": 4, "failed_wallets": 0, "phase": "wallet_checkpoint", "state": "completed", "total_wallets": 4, "wallet": "w4"}
ok
test_frozen_candidate_preserves_failed_confirmatory_gate (tests.test_dlmm_wallet_cluster_prospective.WalletClusterProspective.test_frozen_candidate_preserves_failed_confirmatory_gate) ... ok
test_paper_deposit_mirrors_weights_at_fixed_capital (tests.test_dlmm_wallet_cluster_prospective.WalletClusterProspective.test_paper_deposit_mirrors_weights_at_fixed_capital) ... ok
test_signal_requires_exact_70_bin_one_sided_sol_add (tests.test_dlmm_wallet_cluster_prospective.WalletClusterProspective.test_signal_requires_exact_70_bin_one_sided_sol_add) ... ok
test_wallet_cursor_advances_only_after_all_bodies_are_readable (tests.test_dlmm_wallet_cluster_prospective.WalletClusterProspective.test_wallet_cursor_advances_only_after_all_bodies_are_readable) ... ok
test_wallet_scan_uses_serial_provider_calls (tests.test_dlmm_wallet_cluster_prospective.WalletClusterProspective.test_wallet_scan_uses_serial_provider_calls) ... ok
test_actor_extraction_requires_pool_and_signer (tests.test_dlmm_wallet_strategy_discovery.WalletDerivedStudy.test_actor_extraction_requires_pool_and_signer) ... ok
test_discovery_forbids_pnl_endpoints (tests.test_dlmm_wallet_strategy_discovery.WalletDerivedStudy.test_discovery_forbids_pnl_endpoints) ... ok
test_position_metrics_tracks_hold_width_and_fee_efficiency (tests.test_dlmm_wallet_strategy_discovery.WalletDerivedStudy.test_position_metrics_tracks_hold_width_and_fee_efficiency) ... ok
test_repeatability_requires_cross_wallet_consensus (tests.test_dlmm_wallet_strategy_discovery.WalletDerivedStudy.test_repeatability_requires_cross_wallet_consensus) ... ok
test_sol_pair_filter_is_explicit (tests.test_dlmm_wallet_strategy_discovery.WalletDerivedStudy.test_sol_pair_filter_is_explicit) ... ok
test_unreadable_transaction_is_replaced_without_pnl_or_reordering (tests.test_dlmm_wallet_strategy_discovery.WalletDerivedStudy.test_unreadable_transaction_is_replaced_without_pnl_or_reordering) ... ok
test_cross_lane_counts_preserve_original_deadline_and_history (tests.test_evidence_attribution.AttributionTests.test_cross_lane_counts_preserve_original_deadline_and_history) ... ok
test_prefetch_yields_to_admitted_foreground_until_original_deadline (tests.test_evidence_attribution.AttributionTests.test_prefetch_yields_to_admitted_foreground_until_original_deadline) ... ok
test_burst_keeps_all_censoring_but_admits_only_serviceable_jobs (tests.test_evidence_consumers.EvidenceConsumerTests.test_burst_keeps_all_censoring_but_admits_only_serviceable_jobs) ... ok
test_cached_reuse_does_not_multiply_acquisition_consumers (tests.test_evidence_consumers.EvidenceConsumerTests.test_cached_reuse_does_not_multiply_acquisition_consumers) ... ok
test_incremental_completes_same_window_where_burst_censors_at_same_rate (tests.test_evidence_consumers.EvidenceConsumerTests.test_incremental_completes_same_window_where_burst_censors_at_same_rate) ... ok
test_late_cache_never_relabels_expired_consumer_complete (tests.test_evidence_consumers.EvidenceConsumerTests.test_late_cache_never_relabels_expired_consumer_complete) ... ok
test_local_budget_failure_is_not_provider_rate_pressure (tests.test_evidence_consumers.EvidenceConsumerTests.test_local_budget_failure_is_not_provider_rate_pressure) ... ok
test_prefetch_filter_reduces_work_without_hiding_stream_signature (tests.test_evidence_consumers.EvidenceConsumerTests.test_prefetch_filter_reduces_work_without_hiding_stream_signature) ... ok
test_real_rate_pressure_still_backs_off (tests.test_evidence_consumers.EvidenceConsumerTests.test_real_rate_pressure_still_backs_off) ... ok
test_retirement_preserves_other_owner_and_original_deadline (tests.test_evidence_consumers.EvidenceConsumerTests.test_retirement_preserves_other_owner_and_original_deadline) ... ok
test_shared_interest_reuses_single_physical_fetch (tests.test_evidence_consumers.EvidenceConsumerTests.test_shared_interest_reuses_single_physical_fetch) ... ok
test_stream_retirement_is_durable_and_does_not_fetch_more (tests.test_evidence_consumers.EvidenceConsumerTests.test_stream_retirement_is_durable_and_does_not_fetch_more) ... ok
test_explicit_pool_is_onchain_validated_and_orientation_normalized (tests.test_legacy_raydium.ExplicitLegacyRaydium.test_explicit_pool_is_onchain_validated_and_orientation_normalized) ... ok
test_explicit_provenance_cannot_override_mint_identity (tests.test_legacy_raydium.ExplicitLegacyRaydium.test_explicit_provenance_cannot_override_mint_identity) ... ok
test_stale_finalized_mark_fails_closed_at_receipt (tests.test_legacy_raydium.ExplicitLegacyRaydium.test_stale_finalized_mark_fails_closed_at_receipt) ... ok
test_structurally_wrong_explicit_pool_still_fails_closed (tests.test_legacy_raydium.ExplicitLegacyRaydium.test_structurally_wrong_explicit_pool_still_fails_closed) ... ok
test_capture_preserves_lineage_limitation_and_no_authority (tests.test_legacy_raydium_captured.CapturedLegacyRaydium.test_capture_preserves_lineage_limitation_and_no_authority) ... ok
test_captured_current_primary_pool_identity_reserves_and_quotes (tests.test_legacy_raydium_captured.CapturedLegacyRaydium.test_captured_current_primary_pool_identity_reserves_and_quotes) ... ok
test_known_global_pda (tests.test_lifecycle.AdapterTests.test_known_global_pda) ... ok
test_math_conservative_roundtrip_and_impact (tests.test_lifecycle.AdapterTests.test_math_conservative_roundtrip_and_impact) ... ok
test_provider_budget_cache_and_readonly (tests.test_lifecycle.AdapterTests.test_provider_budget_cache_and_readonly) ... ok
test_provider_redacts_errors (tests.test_lifecycle.AdapterTests.test_provider_redacts_errors) ... ok
test_archive_corruption (tests.test_lifecycle.Lifecycle.test_archive_corruption) ... ok
test_checkpoint_corruption (tests.test_lifecycle.Lifecycle.test_checkpoint_corruption) ... ok
test_duplicate_conflict (tests.test_lifecycle.Lifecycle.test_duplicate_conflict) ... ok
test_independent_rejection (tests.test_lifecycle.Lifecycle.test_independent_rejection) ... ok
test_losing_path_and_failed_exit (tests.test_lifecycle.Lifecycle.test_losing_path_and_failed_exit) ... ok
test_pressure_keeps_exits (tests.test_lifecycle.Lifecycle.test_pressure_keeps_exits) ... ok
test_process_termination_before_after_commit (tests.test_lifecycle.Lifecycle.test_process_termination_before_after_commit) ... ok
test_reconciliation_detects_balance_damage (tests.test_lifecycle.Lifecycle.test_reconciliation_detects_balance_damage) ... ok
test_related_buyers_not_independent (tests.test_lifecycle.Lifecycle.test_related_buyers_not_independent) ... ok
test_replay_is_same_path (tests.test_lifecycle.Lifecycle.test_replay_is_same_path) ... ok
test_restart_open_and_lost_ack (tests.test_lifecycle.Lifecycle.test_restart_open_and_lost_ack) ... ok
test_shared_capital_and_dlmm_disabled (tests.test_lifecycle.Lifecycle.test_shared_capital_and_dlmm_disabled) ... ok
test_stale_fill_cancel_and_failed_fee (tests.test_lifecycle.Lifecycle.test_stale_fill_cancel_and_failed_fee) ... ok
test_stale_future_tax_and_unsupported (tests.test_lifecycle.Lifecycle.test_stale_future_tax_and_unsupported) ... ok
test_synthetic_contamination (tests.test_lifecycle.Lifecycle.test_synthetic_contamination) ... ok
test_unavailable_exit_unknown_mark (tests.test_lifecycle.Lifecycle.test_unavailable_exit_unknown_mark) ... ok
test_winning_complete_path (tests.test_lifecycle.Lifecycle.test_winning_complete_path) ... ok
test_local_batch_or_single_rejection_never_retries_or_counts_provider_failure (tests.test_local_admission_retry.LocalAdmissionRetryTests.test_local_batch_or_single_rejection_never_retries_or_counts_provider_failure) ... ok
test_pacer_cannot_send_after_original_deadline (tests.test_local_admission_retry.LocalAdmissionRetryTests.test_pacer_cannot_send_after_original_deadline) ... ok
test_identical_unresolved_marks_are_coalesced_but_real_exit_attempts_are_not (tests.test_longevity.Longevity.test_identical_unresolved_marks_are_coalesced_but_real_exit_attempts_are_not) ... ok
test_journal_tail_rotates_and_restart_preserves_chain (tests.test_longevity.Longevity.test_journal_tail_rotates_and_restart_preserves_chain) ... ok
test_rotated_retained_tail_still_detects_corruption (tests.test_longevity.Longevity.test_rotated_retained_tail_still_detects_corruption) ... ok
test_cashback_remains_fail_closed (tests.test_mayhem_mode.MayhemMode.test_cashback_remains_fail_closed) ... ok
test_disclosed_mayhem_agent_cannot_be_scout (tests.test_mayhem_mode.MayhemMode.test_disclosed_mayhem_agent_cannot_be_scout) ... ok
test_engine_accepts_mayhem_supply_without_policy_change (tests.test_mayhem_mode.MayhemMode.test_engine_accepts_mayhem_supply_without_policy_change) ... ok
test_fee_tier_uses_actual_mint_supply (tests.test_mayhem_mode.MayhemMode.test_fee_tier_uses_actual_mint_supply) ... ok
test_mayhem_agent_does_not_count_as_independent_demand (tests.test_mayhem_mode.MayhemMode.test_mayhem_agent_does_not_count_as_independent_demand) ... ok
test_mayhem_supply_accepts_documented_extra_billion_and_burns (tests.test_mayhem_mode.MayhemMode.test_mayhem_supply_accepts_documented_extra_billion_and_burns) ... ok
test_non_native_quote_asset_remains_fail_closed (tests.test_mayhem_mode.MayhemMode.test_non_native_quote_asset_remains_fail_closed) ... ok
test_sol_paired_mayhem_uses_same_reserve_quote_math (tests.test_mayhem_mode.MayhemMode.test_sol_paired_mayhem_uses_same_reserve_quote_math) ... ok
test_standard_supply_mismatch_remains_fail_closed (tests.test_mayhem_mode.MayhemMode.test_standard_supply_mismatch_remains_fail_closed) ... ok
test_attempt_budget_rolls_without_raising_original_window_capacity (tests.test_meteora_continuous_campaign.ContinuousCampaignTests.test_attempt_budget_rolls_without_raising_original_window_capacity) ... ok
test_four_hours_requires_explicit_campaign_and_policy_does_not_change (tests.test_meteora_continuous_campaign.ContinuousCampaignTests.test_four_hours_requires_explicit_campaign_and_policy_does_not_change) ... ok
test_repeated_census_only_admits_new_first_sightings (tests.test_meteora_continuous_campaign.ContinuousCampaignTests.test_repeated_census_only_admits_new_first_sightings) ... ok
test_long_observer_is_bounded_but_not_cut_short_by_candidate_count (tests.test_observation_coverage.ObservationCoverageContract.test_long_observer_is_bounded_but_not_cut_short_by_candidate_count) ... ok
test_workflow_requests_55_minutes_of_post_warmup_observation (tests.test_observation_coverage.ObservationCoverageContract.test_workflow_requests_55_minutes_of_post_warmup_observation) ... ok
test_unique_candidates_not_consumer_or_attempt_count_and_replay (tests.test_opportunity_coverage.OpportunityCoverageTests.test_unique_candidates_not_consumer_or_attempt_count_and_replay) ... ok
test_canonical_pumpswap_identity_and_quote_math (tests.test_postgrad.PostGraduation.test_canonical_pumpswap_identity_and_quote_math) ... ok
test_completed_curve_handoff_is_required (tests.test_postgrad.PostGraduation.test_completed_curve_handoff_is_required) ... ok
test_live_shape_adapter_reads_canonical_pumpswap_only (tests.test_postgrad.PostGraduation.test_live_shape_adapter_reads_canonical_pumpswap_only) ... ok
test_prospective_allocation_is_hard_disabled_even_when_shared_capital_allows (tests.test_postgrad.PostGraduation.test_prospective_allocation_is_hard_disabled_even_when_shared_capital_allows) ... ok
test_pumpswap_spoof_and_cashback_fail_closed (tests.test_postgrad.PostGraduation.test_pumpswap_spoof_and_cashback_fail_closed) ... ok
test_raydium_v4_layout_open_orders_and_state_fee_quote (tests.test_postgrad.PostGraduation.test_raydium_v4_layout_open_orders_and_state_fee_quote) ... ok
test_retired_and_legacy_completed_curve_handoff_does_not_require_quote_reserves (tests.test_postgrad.PostGraduation.test_retired_and_legacy_completed_curve_handoff_does_not_require_quote_reserves) ... ok
test_synthetic_paper_lifecycle_uses_same_store_and_shared_bankroll (tests.test_postgrad.PostGraduation.test_synthetic_paper_lifecycle_uses_same_store_and_shared_bankroll) ... ok
test_captured_mainnet_pumpswap_identity_reserves_fees_and_quotes (tests.test_postgrad_captured.CapturedPostGraduation.test_captured_mainnet_pumpswap_identity_reserves_fees_and_quotes) ... ok
test_fixture_is_read_only_evidence_not_strategy_authority (tests.test_postgrad_captured.CapturedPostGraduation.test_fixture_is_read_only_evidence_not_strategy_authority) ... ok
test_prospective_raydium_allocation_remains_disabled (tests.test_postgrad_raydium_lifecycle.RaydiumPaperLifecycle.test_prospective_raydium_allocation_remains_disabled) ... ok
test_shared_bankroll_reservation_fill_restart_monitor_exit_and_reconcile (tests.test_postgrad_raydium_lifecycle.RaydiumPaperLifecycle.test_shared_bankroll_reservation_fill_restart_monitor_exit_and_reconcile) ... ok
test_canonical_pumpswap_wins_without_touching_legacy_fallback (tests.test_postgrad_resolver.VerifiedResolver.test_canonical_pumpswap_wins_without_touching_legacy_fallback) ... ok
test_missing_legacy_provenance_fails_closed (tests.test_postgrad_resolver.VerifiedResolver.test_missing_legacy_provenance_fails_closed) ... ok
test_only_explicit_missing_pumpswap_permits_legacy_fallback (tests.test_postgrad_resolver.VerifiedResolver.test_only_explicit_missing_pumpswap_permits_legacy_fallback) ... ok
test_provider_or_identity_failure_never_silently_falls_through (tests.test_postgrad_resolver.VerifiedResolver.test_provider_or_identity_failure_never_silently_falls_through) ... ok
test_registry_is_bounded_verified_and_never_allocation_authority (tests.test_postgrad_resolver.VerifiedResolver.test_registry_is_bounded_verified_and_never_allocation_authority) ... ok
test_batch_item_error_falls_back_only_for_failed_item (tests.test_provider_retry.BoundedRetry.test_batch_item_error_falls_back_only_for_failed_item) ... ok
test_custom_transport_remains_single_attempt (tests.test_provider_retry.BoundedRetry.test_custom_transport_remains_single_attempt) ... ok
test_dense_complete_window_batches_bodies_but_counts_logical_budget (tests.test_provider_retry.BoundedRetry.test_dense_complete_window_batches_bodies_but_counts_logical_budget) ... ok
test_dense_dlmm_bodies_are_serialized_without_batch_transport (tests.test_provider_retry.BoundedRetry.test_dense_dlmm_bodies_are_serialized_without_batch_transport) ... ok
test_gettransaction_provider_error_retry_uses_longer_backoff (tests.test_provider_retry.BoundedRetry.test_gettransaction_provider_error_retry_uses_longer_backoff) ... ok
test_individual_transaction_null_retries_once (tests.test_provider_retry.BoundedRetry.test_individual_transaction_null_retries_once) ... ok
test_real_http_path_retries_once_and_counts_budget (tests.test_provider_retry.BoundedRetry.test_real_http_path_retries_once_and_counts_budget) ... ok
test_rejected_batch_degrades_to_bounded_individual_reads (tests.test_provider_retry.BoundedRetry.test_rejected_batch_degrades_to_bounded_individual_reads) ... ok
test_required_pool_window_short_circuits_before_transaction_reads (tests.test_provider_retry.BoundedRetry.test_required_pool_window_short_circuits_before_transaction_reads) ... ok
test_small_dlmm_body_set_keeps_bounded_batching (tests.test_provider_retry.BoundedRetry.test_small_dlmm_body_set_keeps_bounded_batching) ... ok
test_unknown_signature_time_cannot_claim_complete_window (tests.test_provider_retry.BoundedRetry.test_unknown_signature_time_cannot_claim_complete_window) ... ok
test_due_reserved_order_uses_pumpswap_when_pump_curve_is_retired (tests.test_pumpswap_main_routing.MainRuntimeRouting.test_due_reserved_order_uses_pumpswap_when_pump_curve_is_retired) ... ok
test_open_position_uses_pumpswap_mark_when_pump_curve_is_retired (tests.test_pumpswap_main_routing.MainRuntimeRouting.test_open_position_uses_pumpswap_mark_when_pump_curve_is_retired) ... ok
test_existing_pump_position_transitions_restart_monitors_and_settles (tests.test_pumpswap_runtime.DurablePumpSwapRuntime.test_existing_pump_position_transitions_restart_monitors_and_settles) ... ok
test_missing_pumpswap_is_fail_closed_and_bounded_for_position_and_order (tests.test_pumpswap_runtime.DurablePumpSwapRuntime.test_missing_pumpswap_is_fail_closed_and_bounded_for_position_and_order) ... ok
test_not_graduated_never_creates_postgrad_authority (tests.test_pumpswap_runtime.DurablePumpSwapRuntime.test_not_graduated_never_creates_postgrad_authority) ... ok
test_reserved_upstream_order_fills_on_canonical_pumpswap_and_survives_restart (tests.test_pumpswap_runtime.DurablePumpSwapRuntime.test_reserved_upstream_order_fills_on_canonical_pumpswap_and_survives_restart) ... ok
test_captured_mainnet_handoff_and_quote_fill_existing_reservation (tests.test_pumpswap_runtime_captured.CapturedDurableContinuation.test_captured_mainnet_handoff_and_quote_fill_existing_reservation) ... ok
test_duplicate_with_later_ingestion_is_same_economic_event (tests.test_recovery.Recovery.test_duplicate_with_later_ingestion_is_same_economic_event) ... ok
test_exit_scheduler_runs_without_new_wallet_trade (tests.test_recovery.Recovery.test_exit_scheduler_runs_without_new_wallet_trade) ... ok
test_funnel_distinguishes_observation_nomination_qualification_and_entry (tests.test_recovery.Recovery.test_funnel_distinguishes_observation_nomination_qualification_and_entry) ... ok
test_future_finality_wait_does_not_fill_earlier_price (tests.test_recovery.Recovery.test_future_finality_wait_does_not_fill_earlier_price) ... ok
test_liquidity_interface_cannot_bypass_shared_allocator (tests.test_recovery.Recovery.test_liquidity_interface_cannot_bypass_shared_allocator) ... ok
test_new_scout_cannot_retroactively_nominate_discovery_trade (tests.test_recovery.Recovery.test_new_scout_cannot_retroactively_nominate_discovery_trade) ... ok
test_no_free_cash_on_missing_mark (tests.test_recovery.Recovery.test_no_free_cash_on_missing_mark) ... ok
test_no_reseed_or_configuration_drift (tests.test_recovery.Recovery.test_no_reseed_or_configuration_drift) ... ok
test_reservation_restart_and_related_limit (tests.test_recovery.Recovery.test_reservation_restart_and_related_limit) ... ok
test_transient_discovery_gap_quarantines_only_missing_signal_window (tests.test_recovery.Recovery.test_transient_discovery_gap_quarantines_only_missing_signal_window) ... ok
test_wallet_transfers_and_partial_sells_not_profit (tests.test_recovery.Recovery.test_wallet_transfers_and_partial_sells_not_profit) ... ok
test_aggregate_deduplicates_only_natural_nominations_and_requires_sample (tests.test_research.QualificationResearch.test_aggregate_deduplicates_only_natural_nominations_and_requires_sample) ... ok
test_vector_attributes_rejection_without_changing_policy (tests.test_research.QualificationResearch.test_vector_attributes_rejection_without_changing_policy) ... ok
test_vector_preserves_frozen_qualified_decision (tests.test_research.QualificationResearch.test_vector_preserves_frozen_qualified_decision) ... ok
test_vector_reports_multiple_rejections_after_first_failure (tests.test_research.QualificationResearch.test_vector_reports_multiple_rejections_after_first_failure) ... ok
test_adapter_network_verified_skips_genesis_probe (tests.test_solana_dlmm_independent_v1.SolanaDlmmIndependentV1Tests.test_adapter_network_verified_skips_genesis_probe) ... ok
test_atomic_checkpoint_preserves_candidate_and_provider_telemetry (tests.test_solana_dlmm_independent_v1.SolanaDlmmIndependentV1Tests.test_atomic_checkpoint_preserves_candidate_and_provider_telemetry) ... ok
test_centered_range_is_two_sided_and_excludes_active (tests.test_solana_dlmm_independent_v1.SolanaDlmmIndependentV1Tests.test_centered_range_is_two_sided_and_excludes_active) ... ok
test_discovery_uses_acceleration_not_tvl_floor (tests.test_solana_dlmm_independent_v1.SolanaDlmmIndependentV1Tests.test_discovery_uses_acceleration_not_tvl_floor) ... ok
test_fresh_authenticated_swap_trigger_starts_exact_12s_warmup (tests.test_solana_dlmm_independent_v1.SolanaDlmmIndependentV1Tests.test_fresh_authenticated_swap_trigger_starts_exact_12s_warmup) ... ok
test_history_acceleration_requires_six_consecutive_5m_buckets (tests.test_solana_dlmm_independent_v1.SolanaDlmmIndependentV1Tests.test_history_acceleration_requires_six_consecutive_5m_buckets) ... ok
test_network_identity_retries_then_succeeds_once (tests.test_solana_dlmm_independent_v1.SolanaDlmmIndependentV1Tests.test_network_identity_retries_then_succeeds_once) ... ok
test_new_finalized_swap_trigger_requires_authenticated_dlmm_swap (tests.test_solana_dlmm_independent_v1.SolanaDlmmIndependentV1Tests.test_new_finalized_swap_trigger_requires_authenticated_dlmm_swap) ... ok
test_partial_current_5m_bucket_is_excluded (tests.test_solana_dlmm_independent_v1.SolanaDlmmIndependentV1Tests.test_partial_current_5m_bucket_is_excluded) ... ok
test_policy_is_independent_of_robinhood_and_prior_dlmm_strategies (tests.test_solana_dlmm_independent_v1.SolanaDlmmIndependentV1Tests.test_policy_is_independent_of_robinhood_and_prior_dlmm_strategies) ... ok
test_qualification_requires_fee_event_flow_capacity_and_unwind (tests.test_solana_dlmm_independent_v1.SolanaDlmmIndependentV1Tests.test_qualification_requires_fee_event_flow_capacity_and_unwind) ... ok
test_range_width_expands_with_observed_movement_but_remains_bounded (tests.test_solana_dlmm_independent_v1.SolanaDlmmIndependentV1Tests.test_range_width_expands_with_observed_movement_but_remains_bounded) ... ok
test_regime_expiry_stops_fresh_swap_wait (tests.test_solana_dlmm_independent_v1.SolanaDlmmIndependentV1Tests.test_regime_expiry_stops_fresh_swap_wait) ... ok
test_robinhood_environment_fails_closed (tests.test_solana_dlmm_independent_v1.SolanaDlmmIndependentV1Tests.test_robinhood_environment_fails_closed) ... ok
test_rotated_adapter_reuses_proven_network_identity (tests.test_solana_dlmm_independent_v1.SolanaDlmmIndependentV1Tests.test_rotated_adapter_reuses_proven_network_identity) ... ok
test_signature_429_is_transient_not_candidate_failure (tests.test_solana_dlmm_independent_v1.SolanaDlmmIndependentV1Tests.test_signature_429_is_transient_not_candidate_failure) ... ok
test_signature_census_keeps_16_transaction_bound (tests.test_solana_dlmm_independent_v1.SolanaDlmmIndependentV1Tests.test_signature_census_keeps_16_transaction_bound) ... ok
test_signature_census_paginates_to_authenticated_start_boundary (tests.test_solana_dlmm_independent_v1.SolanaDlmmIndependentV1Tests.test_signature_census_paginates_to_authenticated_start_boundary) ... ok
test_signature_census_reduces_requests_without_expanding_scan_capacity (tests.test_solana_dlmm_independent_v1.SolanaDlmmIndependentV1Tests.test_signature_census_reduces_requests_without_expanding_scan_capacity) ... ok
test_signature_poll_supplies_head_without_second_rpc_read (tests.test_solana_dlmm_independent_v1.SolanaDlmmIndependentV1Tests.test_signature_poll_supplies_head_without_second_rpc_read) ... ok
test_strategy_import_graph_contains_no_strategy_dependency (tests.test_solana_dlmm_independent_v1.SolanaDlmmIndependentV1Tests.test_strategy_import_graph_contains_no_strategy_dependency) ... ok
test_stream_handoff_bootstrap_authenticates_first_unseen_swap_once (tests.test_solana_dlmm_independent_v1.SolanaDlmmIndependentV1Tests.test_stream_handoff_bootstrap_authenticates_first_unseen_swap_once) ... ok
test_stream_trigger_does_not_poll_again_until_pool_wakes (tests.test_solana_dlmm_independent_v1.SolanaDlmmIndependentV1Tests.test_stream_trigger_does_not_poll_again_until_pool_wakes) ... ok
test_streaming_discovery_yields_before_next_pool_history_read (tests.test_solana_dlmm_independent_v1.SolanaDlmmIndependentV1Tests.test_streaming_discovery_yields_before_next_pool_history_read) ... ok
test_transaction_429_does_not_advance_signature_cursor (tests.test_solana_dlmm_independent_v1.SolanaDlmmIndependentV1Tests.test_transaction_429_does_not_advance_signature_cursor) ... ok
test_zero_swap_after_fresh_trigger_is_rejected_not_retried (tests.test_solana_dlmm_independent_v1.SolanaDlmmIndependentV1Tests.test_zero_swap_after_fresh_trigger_is_rejected_not_retried) ... ok
test_earlier_dlmm_deadline_is_not_starved_by_large_pump_batch (tests.test_solana_evidence_broker.HydrationDeadlineRegressionTests.test_earlier_dlmm_deadline_is_not_starved_by_large_pump_batch) ... ok
test_expired_pending_request_can_reenter_without_losing_a_refresh (tests.test_solana_evidence_broker.HydrationDeadlineRegressionTests.test_expired_pending_request_can_reenter_without_losing_a_refresh) ... ok
test_expired_request_does_not_break_an_active_cross_process_lease (tests.test_solana_evidence_broker.HydrationDeadlineRegressionTests.test_expired_request_does_not_break_an_active_cross_process_lease) ... ok
test_cursor_cannot_regress (tests.test_solana_evidence_broker.SolanaEvidenceBrokerTests.test_cursor_cannot_regress) ... ok
test_deadline_queue_prioritizes_monitoring_over_background_history (tests.test_solana_evidence_broker.SolanaEvidenceBrokerTests.test_deadline_queue_prioritizes_monitoring_over_background_history) ... ok
test_evicted_hot_cache_reuses_durable_body_without_refetch (tests.test_solana_evidence_broker.SolanaEvidenceBrokerTests.test_evicted_hot_cache_reuses_durable_body_without_refetch) ... ok
test_expired_job_can_be_requeued_with_new_deadline (tests.test_solana_evidence_broker.SolanaEvidenceBrokerTests.test_expired_job_can_be_requeued_with_new_deadline) ... ok
test_global_transport_pacing_is_shared_across_broker_processes (tests.test_solana_evidence_broker.SolanaEvidenceBrokerTests.test_global_transport_pacing_is_shared_across_broker_processes) ... ok
test_rate_limit_cooldown_is_global_and_recovers (tests.test_solana_evidence_broker.SolanaEvidenceBrokerTests.test_rate_limit_cooldown_is_global_and_recovers) ... ok
test_shared_queue_claims_are_atomic_and_leases_recover (tests.test_solana_evidence_broker.SolanaEvidenceBrokerTests.test_shared_queue_claims_are_atomic_and_leases_recover) ... ok
test_signature_ledger_is_incremental (tests.test_solana_evidence_broker.SolanaEvidenceBrokerTests.test_signature_ledger_is_incremental) ... ok
test_stream_coverage_is_fail_closed_across_gap (tests.test_solana_evidence_broker.SolanaEvidenceBrokerTests.test_stream_coverage_is_fail_closed_across_gap) ... ok
test_stream_events_prune_only_expired_cache_rows (tests.test_solana_evidence_broker.SolanaEvidenceBrokerTests.test_stream_events_prune_only_expired_cache_rows) ... ok
test_transaction_hydration_is_durable_and_deduplicated (tests.test_solana_evidence_broker.SolanaEvidenceBrokerTests.test_transaction_hydration_is_durable_and_deduplicated) ... ok
test_archive_conflict_fails_closed_and_hot_eviction_preserves_body (tests.test_solana_immutable_efficiency.SolanaEfficiencyTests.test_archive_conflict_fails_closed_and_hot_eviction_preserves_body) ... ok
test_cached_body_between_queue_and_claim_cannot_resurrect_provider_job (tests.test_solana_immutable_efficiency.SolanaEfficiencyTests.test_cached_body_between_queue_and_claim_cannot_resurrect_provider_job) ... ok
test_concurrent_consumers_share_one_inflight_fetch (tests.test_solana_immutable_efficiency.SolanaEfficiencyTests.test_concurrent_consumers_share_one_inflight_fetch) ... ok
test_confirmed_transaction_does_not_populate_finalized_cache (tests.test_solana_immutable_efficiency.SolanaEfficiencyTests.test_confirmed_transaction_does_not_populate_finalized_cache) ... ok
test_dynamic_accounts_are_not_shared_across_rotations (tests.test_solana_immutable_efficiency.SolanaEfficiencyTests.test_dynamic_accounts_are_not_shared_across_rotations) ... ok
test_endpoint_change_cannot_reuse_transaction_authority (tests.test_solana_immutable_efficiency.SolanaEfficiencyTests.test_endpoint_change_cannot_reuse_transaction_authority) ... ok
test_expired_before_enqueue_is_separate_and_never_transports (tests.test_solana_immutable_efficiency.SolanaEfficiencyTests.test_expired_before_enqueue_is_separate_and_never_transports) ... ok
test_genesis_proof_survives_rotation_but_not_endpoint_change (tests.test_solana_immutable_efficiency.SolanaEfficiencyTests.test_genesis_proof_survives_rotation_but_not_endpoint_change) ... ok
test_late_body_is_archived_but_does_not_complete_expired_consumer (tests.test_solana_immutable_efficiency.SolanaEfficiencyTests.test_late_body_is_archived_but_does_not_complete_expired_consumer) ... ok
test_local_governor_expiry_is_not_recorded_as_provider_failure (tests.test_solana_immutable_efficiency.SolanaEfficiencyTests.test_local_governor_expiry_is_not_recorded_as_provider_failure) ... ok
test_no_consumer_count_inflation_for_cached_provider_job (tests.test_solana_immutable_efficiency.SolanaEfficiencyTests.test_no_consumer_count_inflation_for_cached_provider_job) ... ok
test_null_or_error_network_proof_is_not_cached (tests.test_solana_immutable_efficiency.SolanaEfficiencyTests.test_null_or_error_network_proof_is_not_cached) ... ok
test_pump_meteora_and_rotated_candidates_fetch_one_body (tests.test_solana_immutable_efficiency.SolanaEfficiencyTests.test_pump_meteora_and_rotated_candidates_fetch_one_body) ... ok
test_recovered_internal_429_still_updates_shared_batch_pressure (tests.test_solana_immutable_efficiency.SolanaEfficiencyTests.test_recovered_internal_429_still_updates_shared_batch_pressure) ... ok
test_shared_block_time_requires_finality_proof (tests.test_solana_immutable_efficiency.SolanaEfficiencyTests.test_shared_block_time_requires_finality_proof) ... ok
test_speculative_budget_never_deletes_stream_evidence (tests.test_solana_immutable_efficiency.SolanaEfficiencyTests.test_speculative_budget_never_deletes_stream_evidence) ... ok
test_stream_hint_archive_survives_hot_window_eviction_without_authority (tests.test_solana_immutable_efficiency.SolanaEfficiencyTests.test_stream_hint_archive_survives_hot_window_eviction_without_authority) ... ok
test_unserviceable_reservation_releases_unique_job_lease (tests.test_solana_immutable_efficiency.SolanaEfficiencyTests.test_unserviceable_reservation_releases_unique_job_lease) ... ok
test_capacity_loss_fails_closed_for_complete_window (tests.test_stream.StreamTape.test_capacity_loss_fails_closed_for_complete_window) ... ok
test_captured_finalized_notification_becomes_point_in_time_trade (tests.test_stream.StreamTape.test_captured_finalized_notification_becomes_point_in_time_trade) ... ok
test_disconnect_resets_coverage_and_requires_full_rewarm (tests.test_stream.StreamTape.test_disconnect_resets_coverage_and_requires_full_rewarm) ... ok
test_durable_tick_stays_fail_closed_without_complete_stream_window (tests.test_stream.StreamTape.test_durable_tick_stays_fail_closed_without_complete_stream_window) ... ok
test_durable_tick_uses_only_post_warmup_scout_events_and_stream_window (tests.test_stream.StreamTape.test_durable_tick_uses_only_post_warmup_scout_events_and_stream_window) ... ok
test_http_rpc_path_maps_to_same_secure_websocket_endpoint (tests.test_stream.StreamTape.test_http_rpc_path_maps_to_same_secure_websocket_endpoint) ... ok

----------------------------------------------------------------------
Ran 392 tests in 5.293s

OK
