STORAGE WARNING: root 75.3% used; 11.71 GiB available; nonessential bulk operations block at 85.0%.
test_accelerated_original_cadences_through_extended_current_and_survivor_windows (tests.test_exceptional_winner_candidate.RenewalRulesTests.test_accelerated_original_cadences_through_extended_current_and_survivor_windows) ... EXCEPTIONAL_CADENCE {"pump_current": 25921, "pons_current": 25921, "pump_survivor": 17281, "pons_survivor": 28801}
ok
test_current_appreciation_strata_qualify_without_lookahead_or_peak_only_qualification (tests.test_exceptional_winner_candidate.RenewalRulesTests.test_current_appreciation_strata_qualify_without_lookahead_or_peak_only_qualification) ... ok
test_current_requires_preexisting_bridge_and_prior_positive_realization (tests.test_exceptional_winner_candidate.RenewalRulesTests.test_current_requires_preexisting_bridge_and_prior_positive_realization) ... ok
test_default_native_policy_and_initial_current_bridge_remain_identical (tests.test_exceptional_winner_candidate.RenewalRulesTests.test_default_native_policy_and_initial_current_bridge_remain_identical) ... ok
test_each_finite_resource_counter_and_spend_fail_before_budget_overrun (tests.test_exceptional_winner_candidate.RenewalRulesTests.test_each_finite_resource_counter_and_spend_fail_before_budget_overrun) ... ok
test_entry_bound_automatic_renewals_through_14_days_for_all_four_families (tests.test_exceptional_winner_candidate.RenewalRulesTests.test_entry_bound_automatic_renewals_through_14_days_for_all_four_families) ... ok
test_failed_requalification_stays_pending_after_restart_and_rebound (tests.test_exceptional_winner_candidate.RenewalRulesTests.test_failed_requalification_stays_pending_after_restart_and_rebound) ... ok
test_finite_operating_window_cannot_grant_speculative_recovery_hold (tests.test_exceptional_winner_candidate.RenewalRulesTests.test_finite_operating_window_cannot_grant_speculative_recovery_hold) ... ok
test_missing_boundary_cannot_be_retroactively_renewed (tests.test_exceptional_winner_candidate.RenewalRulesTests.test_missing_boundary_cannot_be_retroactively_renewed) ... ok
test_missing_stale_incomplete_or_unauthenticated_evidence_never_renews (tests.test_exceptional_winner_candidate.RenewalRulesTests.test_missing_stale_incomplete_or_unauthenticated_evidence_never_renews) ... ok
test_readiness_owner_latency_and_budget_regressions_are_actionable (tests.test_exceptional_winner_candidate.RenewalRulesTests.test_readiness_owner_latency_and_budget_regressions_are_actionable) ... ok
test_stops_trails_structure_and_irreversible_exits_precede_renewal (tests.test_exceptional_winner_candidate.RenewalRulesTests.test_stops_trails_structure_and_irreversible_exits_precede_renewal) ... ok
test_pons_native_current_controller_partial_renewal_restart_and_pending_exit (tests.test_exceptional_winner_candidate.NativeCurrentTests.test_pons_native_current_controller_partial_renewal_restart_and_pending_exit) ... ok
test_pump_default_candidate_absence_still_exits_at_original_36_hours (tests.test_exceptional_winner_candidate.NativeCurrentTests.test_pump_default_candidate_absence_still_exits_at_original_36_hours) ... ok
test_pump_extension_gain_comes_from_native_quote_not_exaggerated_context (tests.test_exceptional_winner_candidate.NativeCurrentTests.test_pump_extension_gain_comes_from_native_quote_not_exaggerated_context) ... ok
test_pump_native_current_bridge_renewal_restart_and_existing_trail_exit (tests.test_exceptional_winner_candidate.NativeCurrentTests.test_pump_native_current_bridge_renewal_restart_and_existing_trail_exit) ... ok
test_pump_unavailable_evidence_intent_is_durable_without_synthetic_mark_or_fill (tests.test_exceptional_winner_candidate.NativeCurrentTests.test_pump_unavailable_evidence_intent_is_durable_without_synthetic_mark_or_fill) ... ok
test_missing_exit_evidence_preserves_native_intent_across_restart (tests.test_exceptional_winner_candidate.NativeSurvivorTests.test_missing_exit_evidence_preserves_native_intent_across_restart) ... ok
test_native_books_keep_original_owner_partial_state_and_accounting_through_14_days (tests.test_exceptional_winner_candidate.NativeSurvivorTests.test_native_books_keep_original_owner_partial_state_and_accounting_through_14_days) ... ok
test_native_flat_reconciliation_cleans_up_extended_work_automatically (tests.test_exceptional_winner_candidate.OperationalWindowTests.test_native_flat_reconciliation_cleans_up_extended_work_automatically) ... ok
test_same_supervisor_persists_finite_window_without_refunding_or_allowance_reset (tests.test_exceptional_winner_candidate.OperationalWindowTests.test_same_supervisor_persists_finite_window_without_refunding_or_allowance_reset) ... ok
test_current_renewal_reuses_same_incremental_history_and_rpc_session_without_acquisition (tests.test_exceptional_winner_candidate.EvidenceReuseAndOwnershipTests.test_current_renewal_reuses_same_incremental_history_and_rpc_session_without_acquisition) ... ok
test_extended_current_preserves_independent_survivor_eligibility_and_same_asset_owner_fence (tests.test_exceptional_winner_candidate.EvidenceReuseAndOwnershipTests.test_extended_current_preserves_independent_survivor_eligibility_and_same_asset_owner_fence) ... ok
test_integrated_current_and_survivor_model_has_no_fabricated_economics_or_renewal_savings (tests.test_exceptional_winner_candidate.EvidenceReuseAndOwnershipTests.test_integrated_current_and_survivor_model_has_no_fabricated_economics_or_renewal_savings) ... ok
test_compact_postgrad_concentration_matches_largest_with_custody_excluded (tests.test_continuation_resource_efficiency.PumpReadTests.test_compact_postgrad_concentration_matches_largest_with_custody_excluded) ... ok
test_failed_evidence_keeps_quote_unavailable (tests.test_continuation_resource_efficiency.PumpReadTests.test_failed_evidence_keeps_quote_unavailable) ... ok
test_maintenance_omits_only_qualification_reads_and_preserves_risk_inputs (tests.test_continuation_resource_efficiency.PumpReadTests.test_maintenance_omits_only_qualification_reads_and_preserves_risk_inputs) ... ok
test_one_snapshot_is_shared_for_mark_but_settlement_reacquires (tests.test_continuation_resource_efficiency.PumpReadTests.test_one_snapshot_is_shared_for_mark_but_settlement_reacquires) ... ok
test_snapshot_freshness_clock_is_not_renewed_and_stale_input_refreshes (tests.test_continuation_resource_efficiency.PumpReadTests.test_snapshot_freshness_clock_is_not_renewed_and_stale_input_refreshes) ... ok
test_full_72_hours_native_quotes_keep_freshness_cadence_and_bounded_evidence (tests.test_continuation_resource_efficiency.PonsQuoteTests.test_full_72_hours_native_quotes_keep_freshness_cadence_and_bounded_evidence) ... ok
test_immediate_full_exit_reuses_exact_state_and_reacquires_mutable_gas (tests.test_continuation_resource_efficiency.PonsQuoteTests.test_immediate_full_exit_reuses_exact_state_and_reacquires_mutable_gas) ... ok
test_material_state_or_canonical_head_change_requires_full_reconstruction (tests.test_continuation_resource_efficiency.PonsQuoteTests.test_material_state_or_canonical_head_change_requires_full_reconstruction) ... ok
test_original_single_stream_quote_scope_rejects_normal_block_gaps (tests.test_continuation_resource_efficiency.PonsQuoteTests.test_original_single_stream_quote_scope_rejects_normal_block_gaps) ... ok
test_partial_quantity_and_expired_evidence_never_use_full_quote (tests.test_continuation_resource_efficiency.PonsQuoteTests.test_partial_quantity_and_expired_evidence_never_use_full_quote) ... ok
test_provider_failure_during_reuse_cannot_return_old_execution (tests.test_continuation_resource_efficiency.PonsQuoteTests.test_provider_failure_during_reuse_cannot_return_old_execution) ... ok
test_quote_cache_has_no_next_turn_or_restart_authority (tests.test_continuation_resource_efficiency.PonsQuoteTests.test_quote_cache_has_no_next_turn_or_restart_authority) ... ok
test_session_rotation_preserves_original_freshness_and_membership_fence (tests.test_continuation_resource_efficiency.PonsQuoteTests.test_session_rotation_preserves_original_freshness_and_membership_fence) ... ok
test_exact_original_boundary_includes_last_block_before_a_timestamp_gap (tests.test_continuation_resource_efficiency.RollingV4Tests.test_exact_original_boundary_includes_last_block_before_a_timestamp_gap) ... ok
test_gap_beyond_retention_keeps_required_boundary_events_through_restart (tests.test_continuation_resource_efficiency.RollingV4Tests.test_gap_beyond_retention_keeps_required_boundary_events_through_restart) ... ok
test_interrupted_acquisition_retains_original_complete_watermark (tests.test_continuation_resource_efficiency.RollingV4Tests.test_interrupted_acquisition_retains_original_complete_watermark) ... ok
test_only_uncovered_tail_preserves_exact_busy_and_quiet_window (tests.test_continuation_resource_efficiency.RollingV4Tests.test_only_uncovered_tail_preserves_exact_busy_and_quiet_window) ... ok
test_provider_gap_recovers_only_original_required_window (tests.test_continuation_resource_efficiency.RollingV4Tests.test_provider_gap_recovers_only_original_required_window) ... ok
test_reorg_invalidates_observation_history_and_cannot_publish_success (tests.test_continuation_resource_efficiency.RollingV4Tests.test_reorg_invalidates_observation_history_and_cannot_publish_success) ... ok
test_restart_retains_window_and_duplicate_events_are_suppressed (tests.test_continuation_resource_efficiency.RollingV4Tests.test_restart_retains_window_and_duplicate_events_are_suppressed) ... ok
test_current_trajectory_shares_only_canonically_proved_history (tests.test_continuation_resource_efficiency.CurveTrajectoryTests.test_current_trajectory_shares_only_canonically_proved_history) ... ok
test_fifty_block_normal_delta_does_not_rebuild_sixty_seconds (tests.test_continuation_resource_efficiency.CurveTrajectoryTests.test_fifty_block_normal_delta_does_not_rebuild_sixty_seconds) ... ok
test_advancing_head_high_volatility_receives_no_identity_discount (tests.test_continuation_resource_efficiency.WholeSystemCostTests.test_advancing_head_high_volatility_receives_no_identity_discount) ... ok
test_current_survivor_partial_quotes_share_only_exact_block_identity (tests.test_continuation_resource_efficiency.WholeSystemCostTests.test_current_survivor_partial_quotes_share_only_exact_block_identity) ... RESOURCE_TRACE {"after": {"eth_call": 24, "eth_chainId": 5, "eth_getBlockByNumber": 830, "transports": 90}, "before": {"eth_call": 63, "eth_chainId": 21, "eth_getBlockByNumber": 3129, "transports": 105}, "case": "curve_trajectory_21_turns_10_blocks_per_second"}
WHOLE_COST_TRACE {"case": "new_numeric_exact_block_identity_pair", "before": {"elements": 12, "physical": 4, "methods": {"eth_getBlockByNumber": 4, "eth_getCode": 2, "eth_call": 4, "eth_gasPrice": 2}, "rpc_cu": 264, "response_json_value_bytes": 97194}, "after": {"elements": 10, "physical": 4, "methods": {"eth_getBlockByNumber": 4, "eth_getCode": 1, "eth_call": 3, "eth_gasPrice": 2}, "rpc_cu": 218, "response_json_value_bytes": 49122}, "identical_quotes_and_mutable_gas": true, "synthetic_code_payload_bytes": 48002, "added_services": 0, "provider_calls": 0}
ok
test_eip1898_existing_reuse_is_not_counted_as_new_savings (tests.test_continuation_resource_efficiency.WholeSystemCostTests.test_eip1898_existing_reuse_is_not_counted_as_new_savings) ... ok
test_reorg_provider_identity_restart_or_failure_never_borrow_old_facts (tests.test_continuation_resource_efficiency.WholeSystemCostTests.test_reorg_provider_identity_restart_or_failure_never_borrow_old_facts) ... ok
test_total_costs_and_capacity_constraints_remain_explicit_without_arbitrary_targets (tests.test_continuation_resource_efficiency.WholeSystemCostTests.test_total_costs_and_capacity_constraints_remain_explicit_without_arbitrary_targets) ... ok
test_unknown_chain_or_provider_identity_and_memory_cap_keep_original_reads (tests.test_continuation_resource_efficiency.WholeSystemCostTests.test_unknown_chain_or_provider_identity_and_memory_cap_keep_original_reads) ... ok
test_all_horizons_and_winner_strata_report_missing_outcomes_not_zero_returns (tests.test_extended_survivor_hold_research.ResearchModelTests.test_all_horizons_and_winner_strata_report_missing_outcomes_not_zero_returns) ... ok
test_no_production_policy_service_or_allowance_changes (tests.test_extended_survivor_hold_research.ResearchModelTests.test_no_production_policy_service_or_allowance_changes) ... ok
test_resource_projection_no_cache_discount_or_enlarged_authority (tests.test_extended_survivor_hold_research.ResearchModelTests.test_resource_projection_no_cache_discount_or_enlarged_authority) ... ok

----------------------------------------------------------------------
Ran 55 tests in 496.349s

OK
