test_captured_finalized_lag_cannot_be_current_quote (test_captured.CapturedProviderTests.test_captured_finalized_lag_cannot_be_current_quote) ... ok
test_captured_mainnet_identity_and_bounded_provider_evidence (test_captured.CapturedProviderTests.test_captured_mainnet_identity_and_bounded_provider_evidence) ... ok
test_captured_reads_do_not_claim_a_trade (test_captured.CapturedProviderTests.test_captured_reads_do_not_claim_a_trade) ... ok
test_entry_exit_and_realized_pnl_arithmetic (test_captured_natural_paper.CapturedNaturalPaperLifecycleTests.test_entry_exit_and_realized_pnl_arithmetic) ... ok
test_mainnet_proof_is_settled_and_has_no_residual_exposure (test_captured_natural_paper.CapturedNaturalPaperLifecycleTests.test_mainnet_proof_is_settled_and_has_no_residual_exposure) ... ok
test_provider_clean_and_no_profitability_claim (test_captured_natural_paper.CapturedNaturalPaperLifecycleTests.test_provider_clean_and_no_profitability_claim) ... ok
test_capture_was_bounded_and_provider_clean (test_captured_pons_lineage.CapturedPonsLineageTests.test_capture_was_bounded_and_provider_clean) ... ok
test_captured_v1_launch_reconstructs_exact_v3_provenance (test_captured_pons_lineage.CapturedPonsLineageTests.test_captured_v1_launch_reconstructs_exact_v3_provenance) ... ok
test_captured_v1_pool_substitution_is_rejected (test_captured_pons_lineage.CapturedPonsLineageTests.test_captured_v1_pool_substitution_is_rejected) ... ok
test_captured_v2_graduation_reconstructs_exact_v4_lineage (test_captured_pons_lineage.CapturedPonsLineageTests.test_captured_v2_graduation_reconstructs_exact_v4_lineage) ... ok
test_captured_v2_unrelated_v4_initialization_is_rejected (test_captured_pons_lineage.CapturedPonsLineageTests.test_captured_v2_unrelated_v4_initialization_is_rejected) ... ok
test_canonical_disagreement_invalidates_without_promotion (test_confirmed_finality.FinalityTests.test_canonical_disagreement_invalidates_without_promotion) ... ok
test_confirmed_requires_ledger_and_freshness_unchanged (test_confirmed_finality.FinalityTests.test_confirmed_requires_ledger_and_freshness_unchanged) ... ok
test_duplicate_idempotent_conflict_rejected (test_confirmed_finality.FinalityTests.test_duplicate_idempotent_conflict_rejected) ... ok
test_finalization_preserves_availability_and_restart (test_confirmed_finality.FinalityTests.test_finalization_preserves_availability_and_restart) ... ok
test_fork_invalidates_transitive_dependencies (test_confirmed_finality.FinalityTests.test_fork_invalidates_transitive_dependencies) ... ok
test_missing_finalization_coverage (test_confirmed_finality.FinalityTests.test_missing_finalization_coverage) ... ok
test_removed_log_invalidates_descendants (test_confirmed_finality.FinalityTests.test_removed_log_invalidates_descendants) ... ok
test_unknown_ancestry_and_backdating_fail (test_confirmed_finality.FinalityTests.test_unknown_ancestry_and_backdating_fail) ... ok
test_complete_vector_can_pass_unchanged_gates (test_continuation_robinhood.FrozenRobinhoodContinuationTests.test_complete_vector_can_pass_unchanged_gates) ... ok
test_concentration_liquidity_and_capacity_are_exact (test_continuation_robinhood.FrozenRobinhoodContinuationTests.test_concentration_liquidity_and_capacity_are_exact) ... ok
test_nomination_and_creator_do_not_confirm_themselves (test_continuation_robinhood.FrozenRobinhoodContinuationTests.test_nomination_and_creator_do_not_confirm_themselves) ... ok
test_non_native_pair_is_not_silently_translated (test_continuation_robinhood.FrozenRobinhoodContinuationTests.test_non_native_pair_is_not_silently_translated) ... ok
test_price_extension_is_not_relaxed (test_continuation_robinhood.FrozenRobinhoodContinuationTests.test_price_extension_is_not_relaxed) ... ok
test_roundtrip_cost_unavailable_fails_closed (test_continuation_robinhood.FrozenRobinhoodContinuationTests.test_roundtrip_cost_unavailable_fails_closed) ... ok
test_three_independent_groups_is_not_relaxed (test_continuation_robinhood.FrozenRobinhoodContinuationTests.test_three_independent_groups_is_not_relaxed) ... ok
test_translation_and_exit_policy_are_frozen (test_continuation_robinhood.FrozenRobinhoodContinuationTests.test_translation_and_exit_policy_are_frozen) ... ok
test_cohort_keeps_frozen_policy_and_actual_exit_path (test_continuation_robinhood_cohort.ContinuationCohortTests.test_cohort_keeps_frozen_policy_and_actual_exit_path) ... ok
test_nontransport_boundary_does_not_reconnect (test_continuation_robinhood_cohort.ContinuationCohortTests.test_nontransport_boundary_does_not_reconnect) ... ok
test_paper_decision_requires_exact_frozen_policy (test_continuation_robinhood_cohort.ContinuationCohortTests.test_paper_decision_requires_exact_frozen_policy) ... ok
test_reconnect_verifies_new_session_before_resume (test_continuation_robinhood_cohort.ContinuationCohortTests.test_reconnect_verifies_new_session_before_resume) ... ok
test_sequencer_gap_does_not_fallback_to_http_discovery (test_continuation_robinhood_cohort.ContinuationCohortTests.test_sequencer_gap_does_not_fallback_to_http_discovery) ... ok
test_transport_failure_recovers_without_advancing_cursor (test_continuation_robinhood_cohort.ContinuationCohortTests.test_transport_failure_recovers_without_advancing_cursor) ... ok
test_burst_candidates_are_retained_and_ordered (test_evidence_queue.EvidenceQueueTests.test_burst_candidates_are_retained_and_ordered) ... ok
test_capacity_keeps_earlier_deadline (test_evidence_queue.EvidenceQueueTests.test_capacity_keeps_earlier_deadline) ... ok
test_deadline_headroom_can_fail_closed_before_dispatch (test_evidence_queue.EvidenceQueueTests.test_deadline_headroom_can_fail_closed_before_dispatch) ... ok
test_expired_candidate_never_dispatches (test_evidence_queue.EvidenceQueueTests.test_expired_candidate_never_dispatches) ... ok
test_conflicting_logs (test_foundation.EvidenceTests.test_conflicting_logs) ... ok
test_duplicate_logs_deduplicate_atomically (test_foundation.EvidenceTests.test_duplicate_logs_deduplicate_atomically) ... ok
test_missing_log_fails_without_advancing (test_foundation.EvidenceTests.test_missing_log_fails_without_advancing) ... ok
test_missing_receipt (test_foundation.EvidenceTests.test_missing_receipt) ... ok
test_removed_log (test_foundation.EvidenceTests.test_removed_log) ... ok
test_reorg_and_nonfinalized_fail (test_foundation.EvidenceTests.test_reorg_and_nonfinalized_fail) ... ok
test_storage_bound_preserves_evidence (test_foundation.EvidenceTests.test_storage_bound_preserves_evidence) ... ok
test_storage_transaction_rolls_back_cursor_and_logs (test_foundation.EvidenceTests.test_storage_transaction_rolls_back_cursor_and_logs) ... ok
test_forward_horizon_tails_and_no_future_leak (test_foundation.FeatureOutcomeTests.test_forward_horizon_tails_and_no_future_leak) ... ok
test_future_and_stale_evidence_rejected (test_foundation.FeatureOutcomeTests.test_future_and_stale_evidence_rejected) ... ok
test_late_observation_not_backdated (test_foundation.FeatureOutcomeTests.test_late_observation_not_backdated) ... ok
test_missing_coverage (test_foundation.FeatureOutcomeTests.test_missing_coverage) ... ok
test_multiwindow_flows_not_thresholds (test_foundation.FeatureOutcomeTests.test_multiwindow_flows_not_thresholds) ... ok
test_unavailable_exit_not_survivor_only (test_foundation.FeatureOutcomeTests.test_unavailable_exit_not_survivor_only) ... ok
test_add_remove_and_unsupported_mutation (test_foundation.LiquidityTests.test_add_remove_and_unsupported_mutation) ... ok
test_bin_identity_and_fee_conservation (test_foundation.LiquidityTests.test_bin_identity_and_fee_conservation) ... ok
test_exact_range_liquidity_and_nonzero_activity_not_enough (test_foundation.LiquidityTests.test_exact_range_liquidity_and_nonzero_activity_not_enough) ... ok
test_liquidation_unavailable_preserves_inventory (test_foundation.LiquidityTests.test_liquidation_unavailable_preserves_inventory) ... ok
test_never_partially_and_fully_touched_ranges (test_foundation.LiquidityTests.test_never_partially_and_fully_touched_ranges) ... ok
test_no_future_warmup_or_hindsight_range (test_foundation.LiquidityTests.test_no_future_warmup_or_hindsight_range) ... ok
test_ramses_raw_adapter_fails_closed (test_foundation.LiquidityTests.test_ramses_raw_adapter_fails_closed) ... ok
test_variable_fee_capture_lp_share_and_protocol_exclusion (test_foundation.LiquidityTests.test_variable_fee_capture_lp_share_and_protocol_exclusion) ... ok
test_connected_graduation_restart_unavailable_exit_settlement (test_foundation.PaperTests.test_connected_graduation_restart_unavailable_exit_settlement) ... ok
test_natural_allocation_disabled_and_capital_isolated (test_foundation.PaperTests.test_natural_allocation_disabled_and_capital_isolated) ... ok
test_ethereum_keccak_not_sha3 (test_foundation.ProtocolTests.test_ethereum_keccak_not_sha3) ... ok
test_graduation_exact_pool_lineage (test_foundation.ProtocolTests.test_graduation_exact_pool_lineage) ... ok
test_launch_and_curve_trade_decode (test_foundation.ProtocolTests.test_launch_and_curve_trade_decode) ... ok
test_unrelated_v4_pool_rejected (test_foundation.ProtocolTests.test_unrelated_v4_pool_rejected) ... ok
test_v1_v2_and_nonpons_classification (test_foundation.ProtocolTests.test_v1_v2_and_nonpons_classification) ... ok
test_wrong_pool_id_rejected (test_foundation.ProtocolTests.test_wrong_pool_id_rejected) ... ok
test_batch_deduplicates_and_expired_miss_does_not_transport (test_immutable_rpc.ImmutableRpcTest.test_batch_deduplicates_and_expired_miss_does_not_transport) ... ok
test_block_receipts_rule_throughput_and_size_guard (test_immutable_rpc.ImmutableRpcTest.test_block_receipts_rule_throughput_and_size_guard) ... ok
test_concurrent_same_identity_executes_once (test_immutable_rpc.ImmutableRpcTest.test_concurrent_same_identity_executes_once) ... ok
test_endpoint_domain_and_conflict_fail_closed (test_immutable_rpc.ImmutableRpcTest.test_endpoint_domain_and_conflict_fail_closed) ... ok
test_exact_log_filter_and_immutable_bounds (test_immutable_rpc.ImmutableRpcTest.test_exact_log_filter_and_immutable_bounds) ... ok
test_gas_quote_same_epoch_after_original_observation_only (test_immutable_rpc.ImmutableRpcTest.test_gas_quote_same_epoch_after_original_observation_only) ... ok
test_hash_pinned_call_and_code_across_candidates (test_immutable_rpc.ImmutableRpcTest.test_hash_pinned_call_and_code_across_candidates) ... ok
test_header_number_and_hash_share_identity (test_immutable_rpc.ImmutableRpcTest.test_header_number_and_hash_share_identity) ... ok
test_header_reorg_cannot_poison_pinned_alias (test_immutable_rpc.ImmutableRpcTest.test_header_reorg_cannot_poison_pinned_alias) ... ok
test_log_reorg_and_numeric_range_not_cached (test_immutable_rpc.ImmutableRpcTest.test_log_reorg_and_numeric_range_not_cached) ... ok
test_numeric_pin_must_be_used_on_wire_not_only_cache_key (test_immutable_rpc.ImmutableRpcTest.test_numeric_pin_must_be_used_on_wire_not_only_cache_key) ... ok
test_overrides_and_other_block_are_distinct (test_immutable_rpc.ImmutableRpcTest.test_overrides_and_other_block_are_distinct) ... ok
test_raw_reuse_history_is_append_only (test_immutable_rpc.ImmutableRpcTest.test_raw_reuse_history_is_append_only) ... ok
test_receipt_requires_expected_block (test_immutable_rpc.ImmutableRpcTest.test_receipt_requires_expected_block) ... ok
test_session_chain_verified_once_not_across_new_session (test_immutable_rpc.ImmutableRpcTest.test_session_chain_verified_once_not_across_new_session) ... ok
test_waiter_keeps_own_deadline (test_immutable_rpc.ImmutableRpcTest.test_waiter_keeps_own_deadline) ... ok
test_authentic_buy_sell_decoding (test_native_pons.PonsNativeTests.test_authentic_buy_sell_decoding) ... ok
test_buy_fee_and_creator_tax (test_native_pons.PonsNativeTests.test_buy_fee_and_creator_tax) ... ok
test_curve_impostor_and_wrong_factory_record (test_native_pons.PonsNativeTests.test_curve_impostor_and_wrong_factory_record) ... ok
test_full_position_sell_uses_reserves_and_output_fees (test_native_pons.PonsNativeTests.test_full_position_sell_uses_reserves_and_output_fees) ... ok
test_overflow_and_missing_exemption_fail (test_native_pons.PonsNativeTests.test_overflow_and_missing_exemption_fail) ... ok
test_partial_last_buy_refunds_and_stops_at_reserve (test_native_pons.PonsNativeTests.test_partial_last_buy_refunds_and_stops_at_reserve) ... ok
test_pending_and_completed_graduation_close_quotes (test_native_pons.PonsNativeTests.test_pending_and_completed_graduation_close_quotes) ... ok
test_recompiled_real_curve_and_factory_record (test_native_pons.PonsNativeTests.test_recompiled_real_curve_and_factory_record) ... ok
test_snipe_tax_decay_and_recipient (test_native_pons.PonsNativeTests.test_snipe_tax_decay_and_recipient) ... ok
test_virtual_quote_cannot_fabricate_exit (test_native_pons.PonsNativeTests.test_virtual_quote_cannot_fabricate_exit) ... ok
test_active_bin_composition_fee_and_protocol_conservation (test_native_ramses.NativeRamsesTests.test_active_bin_composition_fee_and_protocol_conservation) ... ok
test_add_liquidity_share_mint_exact (test_native_ramses.NativeRamsesTests.test_add_liquidity_share_mint_exact) ... ok
test_captured_60_second_terminal_equality (test_native_ramses.NativeRamsesTests.test_captured_60_second_terminal_equality) ... ok
test_clone_identity_and_implementation (test_native_ramses.NativeRamsesTests.test_clone_identity_and_implementation) ... ok
test_duplicate_idempotent_and_missing_receipt_event (test_native_ramses.NativeRamsesTests.test_duplicate_idempotent_and_missing_receipt_event) ... ok
test_dynamic_deposit_event_decoder (test_native_ramses.NativeRamsesTests.test_dynamic_deposit_event_decoder) ... ok
test_dynamic_transfer_batch_event_decoder (test_native_ramses.NativeRamsesTests.test_dynamic_transfer_batch_event_decoder) ... ok
test_exact_35_bps_hurdle_comparison (test_native_ramses.NativeRamsesTests.test_exact_35_bps_hurdle_comparison) ... ok
test_exact_paper_share_ownership (test_native_ramses.NativeRamsesTests.test_exact_paper_share_ownership) ... ok
test_executable_unwind_and_after_cost_calculation (test_native_ramses.NativeRamsesTests.test_executable_unwind_and_after_cost_calculation) ... ok
test_fee_base_dynamic_and_protocol_split (test_native_ramses.NativeRamsesTests.test_fee_base_dynamic_and_protocol_split) ... ok
test_flash_and_protocol_fee_helpers_conserve_values (test_native_ramses.NativeRamsesTests.test_flash_and_protocol_fee_helpers_conserve_values) ... ok
test_forced_decay_matches_verified_parameter_rule (test_native_ramses.NativeRamsesTests.test_forced_decay_matches_verified_parameter_rule) ... ok
test_frozen_range_hash_rejects_hindsight_edit (test_native_ramses.NativeRamsesTests.test_frozen_range_hash_rejects_hindsight_edit) ... ok
test_frozen_ranges_share_identical_prestate (test_native_ramses.NativeRamsesTests.test_frozen_ranges_share_identical_prestate) ... ok
test_full_and_partial_bin_traversal (test_native_ramses.NativeRamsesTests.test_full_and_partial_bin_traversal) ... ok
test_fully_traversed_range_remains_settleable (test_native_ramses.NativeRamsesTests.test_fully_traversed_range_remains_settleable) ... ok
test_paper_fee_capture_uses_event_time_supply (test_native_ramses.NativeRamsesTests.test_paper_fee_capture_uses_event_time_supply) ... ok
test_partially_touched_range_changes_inventory (test_native_ramses.NativeRamsesTests.test_partially_touched_range_changes_inventory) ... ok
test_preentry_economics_stay_unqualified_without_cost_evidence (test_native_ramses.NativeRamsesTests.test_preentry_economics_stay_unqualified_without_cost_evidence) ... ok
test_preentry_fee_metrics_use_only_supplied_history (test_native_ramses.NativeRamsesTests.test_preentry_fee_metrics_use_only_supplied_history) ... ok
test_price_anchor_and_direction (test_native_ramses.NativeRamsesTests.test_price_anchor_and_direction) ... ok
test_prospective_capture_module_is_research_only (test_native_ramses.NativeRamsesTests.test_prospective_capture_module_is_research_only) ... ok
test_remove_liquidity_share_burn_exact (test_native_ramses.NativeRamsesTests.test_remove_liquidity_share_burn_exact) ... ok
test_removed_log_is_reorg_boundary (test_native_ramses.NativeRamsesTests.test_removed_log_is_reorg_boundary) ... ok
test_replay_add_liquidity_and_share_mint_mutation (test_native_ramses.NativeRamsesTests.test_replay_add_liquidity_and_share_mint_mutation) ... ok
test_replay_remove_liquidity_and_share_burn_mutation (test_native_ramses.NativeRamsesTests.test_replay_remove_liquidity_and_share_burn_mutation) ... ok
test_source_native_share_mint_and_burn (test_native_ramses.NativeRamsesTests.test_source_native_share_mint_and_burn) ... ok
test_terminal_disagreement_not_patched (test_native_ramses.NativeRamsesTests.test_terminal_disagreement_not_patched) ... ok
test_unavailable_unwind_preserves_unresolved_inventory (test_native_ramses.NativeRamsesTests.test_unavailable_unwind_preserves_unresolved_inventory) ... ok
test_unsupported_mutation_cannot_bridge_terminal (test_native_ramses.NativeRamsesTests.test_unsupported_mutation_cannot_bridge_terminal) ... ok
test_untouched_range_removal (test_native_ramses.NativeRamsesTests.test_untouched_range_removal) ... ok
test_untouched_shares_and_compounded_fees (test_native_ramses.NativeRamsesTests.test_untouched_shares_and_compounded_fees) ... ok
test_variable_fee_decay_reference (test_native_ramses.NativeRamsesTests.test_variable_fee_decay_reference) ... ok
test_wrong_side_range_input_fails_closed (test_native_ramses.NativeRamsesTests.test_wrong_side_range_input_fails_closed) ... ok
test_forced_finality_selects_earliest_finalized_horizon_block (test_native_ramses.RamsesInventoryWatchTests.test_forced_finality_selects_earliest_finalized_horizon_block) ... ok
test_inventory_baseline_is_research_data_not_contract_pin (test_native_ramses.RamsesInventoryWatchTests.test_inventory_baseline_is_research_data_not_contract_pin) ... ok
test_watch_configuration_is_bounded_and_prospective (test_native_ramses.RamsesInventoryWatchTests.test_watch_configuration_is_bounded_and_prospective) ... ok
test_v4_quoter_amount_must_fit_uint128 (test_natural_paper_harness.NaturalPaperHarnessTests.test_v4_quoter_amount_must_fit_uint128) ... ok
test_v4_quoter_selector_and_empty_hook_encoding (test_natural_paper_harness.NaturalPaperHarnessTests.test_v4_quoter_selector_and_empty_hook_encoding) ... ok
test_default_natural_authority_remains_disabled (test_natural_paper_proof.NaturalPaperProofTests.test_default_natural_authority_remains_disabled) ... ok
test_exact_frozen_policy_can_authorize_natural_paper_but_hash_cannot_drift (test_natural_paper_proof.NaturalPaperProofTests.test_exact_frozen_policy_can_authorize_natural_paper_but_hash_cannot_drift) ... ok
test_explicit_natural_proof_requires_confirmed_ledger_and_settles (test_natural_paper_proof.NaturalPaperProofTests.test_explicit_natural_proof_requires_confirmed_ledger_and_settles) ... ok
test_frozen_policy_reservation_can_cancel_without_residual_exposure (test_natural_paper_proof.NaturalPaperProofTests.test_frozen_policy_reservation_can_cancel_without_residual_exposure) ... ok
test_unique_candidates_not_consumer_or_attempt_count_and_replay (test_opportunity_coverage.OpportunityCoverageTests.test_unique_candidates_not_consumer_or_attempt_count_and_replay) ... ok
test_candidate_authentication_is_exactly_two_batch_transports (test_pons_natural_observation.PonsNaturalObservationTests.test_candidate_authentication_is_exactly_two_batch_transports) ... ok
test_followup_auth_batches_headers_and_receipts (test_pons_natural_observation.PonsNaturalObservationTests.test_followup_auth_batches_headers_and_receipts) ... ok
test_observation_size_is_fixed_research_only_amount (test_pons_natural_observation.PonsNaturalObservationTests.test_observation_size_is_fixed_research_only_amount) ... ok
test_primary_fallback_discovery_coalesces_up_to_ten_blocks (test_pons_natural_observation.PonsNaturalObservationTests.test_primary_fallback_discovery_coalesces_up_to_ten_blocks) ... ok
test_ten_sequencer_blocks_use_one_log_query (test_pons_natural_observation.PonsNaturalObservationTests.test_ten_sequencer_blocks_use_one_log_query) ... ok
test_word_decoders_are_strict (test_pons_natural_observation.PonsNaturalObservationTests.test_word_decoders_are_strict) ... ok
test_all_captured_compiler_transformations_match (test_protocol_identity.IdentityTests.test_all_captured_compiler_transformations_match) ... ok
test_code_or_role_disagreement (test_protocol_identity.IdentityTests.test_code_or_role_disagreement) ... ok
test_compiler_code_change_cannot_be_masked (test_protocol_identity.IdentityTests.test_compiler_code_change_cannot_be_masked) ... ok
test_proxy_not_treated_as_implementation (test_protocol_identity.IdentityTests.test_proxy_not_treated_as_implementation) ... ok
test_selector_and_pinned_event_layout (test_protocol_identity.IdentityTests.test_selector_and_pinned_event_layout) ... ok
test_verified_source_includes_deployed_snipe_tax (test_protocol_identity.IdentityTests.test_verified_source_includes_deployed_snipe_tax) ... ok
test_batch_preserves_logical_budget_and_reduces_transport_count (test_provider.ProviderTests.test_batch_preserves_logical_budget_and_reduces_transport_count) ... ok
test_batch_rejects_write_method (test_provider.ProviderTests.test_batch_rejects_write_method) ... ok
test_future_missing_secret_does_not_print_url (test_provider.ProviderTests.test_future_missing_secret_does_not_print_url) ... ok
test_quota_no_retry (test_provider.ProviderTests.test_quota_no_retry) ... ok
test_scope_exhaustion_does_not_starve_other_pool (test_provider.ProviderTests.test_scope_exhaustion_does_not_starve_other_pool) ... ok
test_signing_and_submission_rejected (test_provider.ProviderTests.test_signing_and_submission_rejected) ... ok
test_wrong_chain (test_provider.ProviderTests.test_wrong_chain) ... ok
test_aged_research_precedes_new_candidate_but_never_exit (test_provider_admission.AdmissionFairnessTests.test_aged_research_precedes_new_candidate_but_never_exit) ... ok
test_original_deadline_prevents_transport_and_records_wait (test_provider_admission.AdmissionFairnessTests.test_original_deadline_prevents_transport_and_records_wait) ... ok
test_open_position_precedes_research_and_queue_is_bounded (test_provider_admission.SharedAdmissionTests.test_open_position_precedes_research_and_queue_is_bounded) ... ok
test_two_sessions_share_physical_request_clock_and_cooldown (test_provider_admission.SharedAdmissionTests.test_two_sessions_share_physical_request_clock_and_cooldown) ... ok
test_bulk_lanes_have_independent_pacers_from_directional_primary (test_provider_topology.LaneProviderTests.test_bulk_lanes_have_independent_pacers_from_directional_primary) ... ok
test_configured_directional_does_not_use_shadow_on_failure (test_provider_topology.LaneProviderTests.test_configured_directional_does_not_use_shadow_on_failure) ... ok
test_directional_primary_is_two_rps_and_fail_closed (test_provider_topology.LaneProviderTests.test_directional_primary_is_two_rps_and_fail_closed) ... ok
test_discovery_accepts_distinct_alchemy_endpoint (test_provider_topology.LaneProviderTests.test_discovery_accepts_distinct_alchemy_endpoint) ... ok
test_discovery_bypasses_exact_primary_to_isolated_dlmm_provider (test_provider_topology.LaneProviderTests.test_discovery_bypasses_exact_primary_to_isolated_dlmm_provider) ... ok
test_discovery_can_share_dlmm_endpoint (test_provider_topology.LaneProviderTests.test_discovery_can_share_dlmm_endpoint) ... ok
test_discovery_fails_closed_instead_of_using_primary (test_provider_topology.LaneProviderTests.test_discovery_fails_closed_instead_of_using_primary) ... ok
test_discovery_prefers_dedicated_endpoint_at_five_rps (test_provider_topology.LaneProviderTests.test_discovery_prefers_dedicated_endpoint_at_five_rps) ... ok
test_dlmm_accepts_distinct_alchemy_endpoint_but_not_primary_reuse (test_provider_topology.LaneProviderTests.test_dlmm_accepts_distinct_alchemy_endpoint_but_not_primary_reuse) ... ok
test_dlmm_fails_closed_instead_of_using_primary (test_provider_topology.LaneProviderTests.test_dlmm_fails_closed_instead_of_using_primary) ... ok
test_dlmm_uses_dedicated_five_rps_lane (test_provider_topology.LaneProviderTests.test_dlmm_uses_dedicated_five_rps_lane) ... ok
test_explicit_primary_alias_preserves_discovery_at_bounded_rate (test_provider_topology.LaneProviderTests.test_explicit_primary_alias_preserves_discovery_at_bounded_rate) ... ok
test_explicit_primary_alias_uses_bounded_shared_dlmm_mode (test_provider_topology.LaneProviderTests.test_explicit_primary_alias_uses_bounded_shared_dlmm_mode) ... ok
test_non_alchemy_provider_rejects_alchemy_specific_method (test_provider_topology.LaneProviderTests.test_non_alchemy_provider_rejects_alchemy_specific_method) ... ok
test_pacer_enforces_physical_rate (test_provider_topology.LaneProviderTests.test_pacer_enforces_physical_rate) ... ok
test_shadow_is_diagnostic_only (test_provider_topology.LaneProviderTests.test_shadow_is_diagnostic_only) ... ok
test_topology_metadata_exposes_explicit_shared_primary_mode (test_provider_topology.LaneProviderTests.test_topology_metadata_exposes_explicit_shared_primary_mode) ... ok
test_topology_metadata_marks_exact_primary_discovery_bypass (test_provider_topology.LaneProviderTests.test_topology_metadata_marks_exact_primary_discovery_bypass) ... ok
test_topology_metadata_never_exposes_endpoint (test_provider_topology.LaneProviderTests.test_topology_metadata_never_exposes_endpoint) ... ok
test_topology_metadata_reports_missing_bulk_lanes_without_primary_fallback (test_provider_topology.LaneProviderTests.test_topology_metadata_reports_missing_bulk_lanes_without_primary_fallback) ... ok
test_concurrent_reservations_share_one_available_balance (test_ramses_capital_replay.RamsesCapitalReplay.test_concurrent_reservations_share_one_available_balance) ... ok
test_loss_reduces_next_reservation_and_failure_is_atomic (test_ramses_capital_replay.RamsesCapitalReplay.test_loss_reduces_next_reservation_and_failure_is_atomic) ... ok
test_projection_loss_cannot_erase_a_reservation (test_ramses_capital_replay.RamsesCapitalReplay.test_projection_loss_cannot_erase_a_reservation) ... ok
test_canonical_history_replaces_scanner_count_mismatch (test_ramses_connected_lifecycle.RamsesConnectedLifecycleTests.test_canonical_history_replaces_scanner_count_mismatch) ... ok
test_canonical_reclassification_reuses_scanner_prestate_without_state_rpc (test_ramses_connected_lifecycle.RamsesConnectedLifecycleTests.test_canonical_reclassification_reuses_scanner_prestate_without_state_rpc) ... ok
test_compact_lifecycle_report_strips_selector_prestate (test_ramses_connected_lifecycle.RamsesConnectedLifecycleTests.test_compact_lifecycle_report_strips_selector_prestate) ... ok
test_connected_entrypoint_does_not_call_legacy_native_selector (test_ramses_connected_lifecycle.RamsesConnectedLifecycleTests.test_connected_entrypoint_does_not_call_legacy_native_selector) ... ok
test_first_ranked_genuine_qualifier_is_selected (test_ramses_connected_lifecycle.RamsesConnectedLifecycleTests.test_first_ranked_genuine_qualifier_is_selected) ... ok
test_frozen_prestate_requires_exact_finalized_identity (test_ramses_connected_lifecycle.RamsesConnectedLifecycleTests.test_frozen_prestate_requires_exact_finalized_identity) ... ok
test_ledger_persists_monitor_segment_and_rebalance_checkpoints (test_ramses_connected_lifecycle.RamsesConnectedLifecycleTests.test_ledger_persists_monitor_segment_and_rebalance_checkpoints) ... ok
test_no_qualifier_returns_none (test_ramses_connected_lifecycle.RamsesConnectedLifecycleTests.test_no_qualifier_returns_none) ... ok
test_segment_pnl_is_aggregated_after_rebalances (test_ramses_connected_lifecycle.RamsesConnectedLifecycleTests.test_segment_pnl_is_aggregated_after_rebalances) ... ok
test_assets_are_separate_genesis_is_frozen_and_losses_are_not_replenished (test_ramses_continuous_campaign.RamsesCampaignTests.test_assets_are_separate_genesis_is_frozen_and_losses_are_not_replenished) ... ok
test_campaign_keeps_one_process_budget_after_multiple_settlements (test_ramses_continuous_campaign.RamsesCampaignTests.test_campaign_keeps_one_process_budget_after_multiple_settlements) ... ok
test_empty_first_scan_does_not_permanently_disable_later_fundable_activity (test_ramses_continuous_campaign.RamsesCampaignTests.test_empty_first_scan_does_not_permanently_disable_later_fundable_activity) ... ok
test_four_hours_is_explicit_and_session_budget_matches_time_not_rate (test_ramses_continuous_campaign.RamsesCampaignTests.test_four_hours_is_explicit_and_session_budget_matches_time_not_rate) ... ok
test_unfundable_screen_cannot_create_an_empty_permanent_genesis (test_ramses_continuous_campaign.RamsesCampaignTests.test_unfundable_screen_cannot_create_an_empty_permanent_genesis) ... ok
test_candidate_wnative_pool_converts_total_cost_executably (test_ramses_costs.RamsesAutomaticCostTests.test_candidate_wnative_pool_converts_total_cost_executably) ... ok
test_factory_pair_array_decoder_is_strict (test_ramses_costs.RamsesAutomaticCostTests.test_factory_pair_array_decoder_is_strict) ... ok
test_missing_operations_use_two_x_worst_observed_proxy (test_ramses_costs.RamsesAutomaticCostTests.test_missing_operations_use_two_x_worst_observed_proxy) ... ok
test_receipts_build_complete_observed_native_cycle (test_ramses_costs.RamsesAutomaticCostTests.test_receipts_build_complete_observed_native_cycle) ... ok
test_discovery_scans_only_initial_and_advanced_finalized_frontiers (test_ramses_extended_market.RamsesExtendedMarketTests.test_discovery_scans_only_initial_and_advanced_finalized_frontiers) ... ok
test_exact_forced_horizon_accepts_first_block_after_target (test_ramses_extended_market.RamsesExtendedMarketTests.test_exact_forced_horizon_accepts_first_block_after_target) ... ok
test_exact_forced_horizon_uses_earliest_finalized_crossing (test_ramses_extended_market.RamsesExtendedMarketTests.test_exact_forced_horizon_uses_earliest_finalized_crossing) ... ok
test_finalized_frontier_gate_defers_then_admits_advanced_state (test_ramses_extended_market.RamsesExtendedMarketTests.test_finalized_frontier_gate_defers_then_admits_advanced_state) ... ok
test_finalized_frontier_gate_skips_duplicate_state (test_ramses_extended_market.RamsesExtendedMarketTests.test_finalized_frontier_gate_skips_duplicate_state) ... ok
test_finalized_frontier_progress_rejects_conflict_and_regression (test_ramses_extended_market.RamsesExtendedMarketTests.test_finalized_frontier_progress_rejects_conflict_and_regression) ... ok
test_forced_finality_budget_tracks_live_lag_with_bounds (test_ramses_extended_market.RamsesExtendedMarketTests.test_forced_finality_budget_tracks_live_lag_with_bounds) ... ok
test_forced_finality_wait_rejects_frontier_regression (test_ramses_extended_market.RamsesExtendedMarketTests.test_forced_finality_wait_rejects_frontier_regression) ... ok
test_forced_finality_wait_tolerates_slow_progress_without_moving_target (test_ramses_extended_market.RamsesExtendedMarketTests.test_forced_finality_wait_tolerates_slow_progress_without_moving_target) ... ok
test_forced_machinery_rejects_foreign_domain (test_ramses_extended_market.RamsesExtendedMarketTests.test_forced_machinery_rejects_foreign_domain) ... ok
test_forced_machinery_reservation_is_strategy_ineligible (test_ramses_extended_market.RamsesExtendedMarketTests.test_forced_machinery_reservation_is_strategy_ineligible) ... ok
test_forced_row_uses_latest_screen_and_frozen_proposal (test_ramses_extended_market.RamsesExtendedMarketTests.test_forced_row_uses_latest_screen_and_frozen_proposal) ... ok
test_screen_summary_preserves_rejections (test_ramses_extended_market.RamsesExtendedMarketTests.test_screen_summary_preserves_rejections) ... ok
test_duplicate_reservation_and_authority_cannot_be_reused (test_ramses_forced_paper.ForcedRamsesPaperTests.test_duplicate_reservation_and_authority_cannot_be_reused) ... ok
test_forced_lifecycle_survives_entry_and_settlement_restart (test_ramses_forced_paper.ForcedRamsesPaperTests.test_forced_lifecycle_survives_entry_and_settlement_restart) ... ok
test_unresolved_unwind_preserves_open_capital (test_ramses_forced_paper.ForcedRamsesPaperTests.test_unresolved_unwind_preserves_open_capital) ... ok
test_exact_receipts_and_numbered_blocks_are_cached_across_reuse (test_ramses_rate_limit.RamsesRateLimitTests.test_exact_receipts_and_numbered_blocks_are_cached_across_reuse) ... ok
test_large_rate_limited_batch_adaptively_splits_without_losing_order (test_ramses_rate_limit.RamsesRateLimitTests.test_large_rate_limited_batch_adaptively_splits_without_losing_order) ... ok
test_anchor_and_directional_ranges_are_one_sided (test_ramses_strategy.RamsesStrategyTests.test_anchor_and_directional_ranges_are_one_sided) ... ok
test_capital_is_capped_at_ten_percent_of_active_liquidity (test_ramses_strategy.RamsesStrategyTests.test_capital_is_capped_at_ten_percent_of_active_liquidity) ... ok
test_chop_metric_distinguishes_two_way_from_directional_path (test_ramses_strategy.RamsesStrategyTests.test_chop_metric_distinguishes_two_way_from_directional_path) ... ok
test_cross_strategy_signal_provenance_fails_closed (test_ramses_strategy.RamsesStrategyTests.test_cross_strategy_signal_provenance_fails_closed) ... ok
test_event_driven_controller_rebalances_then_exits_on_risk_or_limit (test_ramses_strategy.RamsesStrategyTests.test_event_driven_controller_rebalances_then_exits_on_risk_or_limit) ... ok
test_execution_certification_percentiles_rank_but_do_not_veto (test_ramses_strategy.RamsesStrategyTests.test_execution_certification_percentiles_rank_but_do_not_veto) ... ok
test_external_signal_modes_fail_closed_when_stale_and_accept_explicit_fresh_signal (test_ramses_strategy.RamsesStrategyTests.test_external_signal_modes_fail_closed_when_stale_and_accept_explicit_fresh_signal) ... ok
test_fee_pulse_can_qualify_on_frozen_high_density_inputs (test_ramses_strategy.RamsesStrategyTests.test_fee_pulse_can_qualify_on_frozen_high_density_inputs) ... ok
test_fee_pulse_range_uses_70_30_core_buffer_when_history_requires_it (test_ramses_strategy.RamsesStrategyTests.test_fee_pulse_range_uses_70_30_core_buffer_when_history_requires_it) ... ok
test_fee_pulse_requires_universe_and_cost_evidence (test_ramses_strategy.RamsesStrategyTests.test_fee_pulse_requires_universe_and_cost_evidence) ... ok
test_policy_is_frozen_and_research_only (test_ramses_strategy.RamsesStrategyTests.test_policy_is_frozen_and_research_only) ... ok
test_universe_percentiles_rank_fee_density_and_fee_rate (test_ramses_strategy.RamsesStrategyTests.test_universe_percentiles_rank_fee_density_and_fee_rate) ... ok
test_wrong_signal_source_class_fails_closed (test_ramses_strategy.RamsesStrategyTests.test_wrong_signal_source_class_fails_closed) ... ok
test_foreign_outcome_cannot_settle_ramses_position (test_ramses_strategy_isolation.RamsesStrategyIsolationTests.test_foreign_outcome_cannot_settle_ramses_position) ... ok
test_foreign_strategy_decision_cannot_enter_ledger (test_ramses_strategy_isolation.RamsesStrategyIsolationTests.test_foreign_strategy_decision_cannot_enter_ledger) ... ok
test_independent_ledger_never_uses_shared_allocator (test_ramses_strategy_isolation.RamsesStrategyIsolationTests.test_independent_ledger_never_uses_shared_allocator) ... ok
test_strategy_modules_have_no_other_strategy_imports (test_ramses_strategy_isolation.RamsesStrategyIsolationTests.test_strategy_modules_have_no_other_strategy_imports) ... ok
test_all_pool_scanner_is_bounded_and_strategy_only (test_ramses_universe.RamsesAllPoolUniverseTests.test_all_pool_scanner_is_bounded_and_strategy_only) ... ok
test_compact_screen_strips_heavy_selector_state_but_keeps_identity (test_ramses_universe.RamsesAllPoolUniverseTests.test_compact_screen_strips_heavy_selector_state_but_keeps_identity) ... ok
test_durable_all_pool_cache_reuses_verified_prefix_after_process_reset (test_ramses_universe.RamsesAllPoolUniverseTests.test_durable_all_pool_cache_reuses_verified_prefix_after_process_reset) ... ok
test_factory_inventory_cache_fails_closed_on_count_or_block_regression (test_ramses_universe.RamsesAllPoolUniverseTests.test_factory_inventory_cache_fails_closed_on_count_or_block_regression) ... ok
test_factory_inventory_cache_fails_closed_on_registry_change (test_ramses_universe.RamsesAllPoolUniverseTests.test_factory_inventory_cache_fails_closed_on_registry_change) ... ok
test_factory_inventory_cache_reuses_verified_prefix_and_fetches_only_append (test_ramses_universe.RamsesAllPoolUniverseTests.test_factory_inventory_cache_reuses_verified_prefix_and_fetches_only_append) ... ok
test_factory_minus_32000_batch_isolated_to_single_members (test_ramses_universe.RamsesAllPoolUniverseTests.test_factory_minus_32000_batch_isolated_to_single_members) ... ok
test_invalid_durable_cache_is_not_trusted_and_is_reauthenticated (test_ramses_universe.RamsesAllPoolUniverseTests.test_invalid_durable_cache_is_not_trusted_and_is_reauthenticated) ... ok
test_log_queries_cover_all_addresses_in_bounded_block_chunks (test_ramses_universe.RamsesAllPoolUniverseTests.test_log_queries_cover_all_addresses_in_bounded_block_chunks) ... ok
test_persistent_factory_member_error_names_exact_index (test_ramses_universe.RamsesAllPoolUniverseTests.test_persistent_factory_member_error_names_exact_index) ... ok
test_prestate_accepts_non_native_authenticated_pool (test_ramses_universe.RamsesAllPoolUniverseTests.test_prestate_accepts_non_native_authenticated_pool) ... ok
test_watch_ranking_prioritizes_turnover_then_fee_then_chop (test_ramses_universe.RamsesAllPoolUniverseTests.test_watch_ranking_prioritizes_turnover_then_fee_then_chop) ... ok
test_contiguous_signed_messages_are_observation_only (test_sequencer_feed.SequencerFeedTests.test_contiguous_signed_messages_are_observation_only) ... ok
test_discovery_clock_fails_closed_on_gap (test_sequencer_feed.SequencerFeedTests.test_discovery_clock_fails_closed_on_gap) ... ok
test_discovery_clock_status_has_no_evidence_authority (test_sequencer_feed.SequencerFeedTests.test_discovery_clock_status_has_no_evidence_authority) ... ok
test_gap_duplicate_conflict_and_regression_are_visible (test_sequencer_feed.SequencerFeedTests.test_gap_duplicate_conflict_and_regression_are_visible) ... ok
test_informational_envelope_is_not_a_continuity_failure (test_sequencer_feed.SequencerFeedTests.test_informational_envelope_is_not_a_continuity_failure) ... ok
test_malformed_feed_frame_is_counted_not_promoted (test_sequencer_feed.SequencerFeedTests.test_malformed_feed_frame_is_counted_not_promoted) ... ok
test_official_feed_default_and_wss_guard (test_sequencer_feed.SequencerFeedTests.test_official_feed_default_and_wss_guard) ... ok
test_permessage_deflate_payload_decodes (test_sequencer_feed.SequencerFeedTests.test_permessage_deflate_payload_decodes) ... ok
test_startup_sentinel_anchors_to_current_sequence_before_range_cap (test_sequencer_feed.SequencerFeedTests.test_startup_sentinel_anchors_to_current_sequence_before_range_cap) ... ok

----------------------------------------------------------------------
Ran 258 tests in 0.920s

OK
